Component: ARM Compiler 5.06 update 7 (build 960) Tool: armlink [4d3601]

==============================================================================

Section Cross References

    startup_stm32f103x6.o(RESET) refers to startup_stm32f103x6.o(STACK) for __initial_sp
    startup_stm32f103x6.o(RESET) refers to startup_stm32f103x6.o(.text) for Reset_Handler
    startup_stm32f103x6.o(RESET) refers to stm32f1xx_it.o(i.NMI_Handler) for NMI_Handler
    startup_stm32f103x6.o(RESET) refers to stm32f1xx_it.o(i.HardFault_Handler) for HardFault_Handler
    startup_stm32f103x6.o(RESET) refers to stm32f1xx_it.o(i.MemManage_Handler) for MemManage_Handler
    startup_stm32f103x6.o(RESET) refers to stm32f1xx_it.o(i.BusFault_Handler) for BusFault_Handler
    startup_stm32f103x6.o(RESET) refers to stm32f1xx_it.o(i.UsageFault_Handler) for UsageFault_Handler
    startup_stm32f103x6.o(RESET) refers to stm32f1xx_it.o(i.SVC_Handler) for SVC_Handler
    startup_stm32f103x6.o(RESET) refers to stm32f1xx_it.o(i.DebugMon_Handler) for DebugMon_Handler
    startup_stm32f103x6.o(RESET) refers to stm32f1xx_it.o(i.PendSV_Handler) for PendSV_Handler
    startup_stm32f103x6.o(RESET) refers to stm32f1xx_it.o(i.SysTick_Handler) for SysTick_Handler
    startup_stm32f103x6.o(RESET) refers to stm32f1xx_it.o(i.USART1_IRQHandler) for USART1_IRQHandler
    startup_stm32f103x6.o(RESET) refers to stm32f1xx_it.o(i.EXTI15_10_IRQHandler) for EXTI15_10_IRQHandler
    startup_stm32f103x6.o(.text) refers to system_stm32f1xx.o(i.SystemInit) for SystemInit
    startup_stm32f103x6.o(.text) refers to entry.o(.ARM.Collect$$$$00000000) for __main
    main.o(i.HAL_UART_RxCpltCallback) refers to main.o(i.serialRes) for serialRes
    main.o(i.HAL_UART_RxCpltCallback) refers to stm32f1xx_hal_uart.o(i.HAL_UART_Receive_IT) for HAL_UART_Receive_IT
    main.o(i.HAL_UART_RxCpltCallback) refers to main.o(.data) for .data
    main.o(i.HAL_UART_RxCpltCallback) refers to usart.o(.bss) for huart1
    main.o(i.SystemClock_Config) refers to memseta.o(.text) for __aeabi_memclr4
    main.o(i.SystemClock_Config) refers to stm32f1xx_hal_rcc.o(i.HAL_RCC_OscConfig) for HAL_RCC_OscConfig
    main.o(i.SystemClock_Config) refers to stm32f1xx_hal_rcc.o(i.HAL_RCC_ClockConfig) for HAL_RCC_ClockConfig
    main.o(i.main) refers to stm32f1xx_hal.o(i.HAL_Init) for HAL_Init
    main.o(i.main) refers to main.o(i.SystemClock_Config) for SystemClock_Config
    main.o(i.main) refers to gpio.o(i.MX_GPIO_Init) for MX_GPIO_Init
    main.o(i.main) refers to tim.o(i.MX_TIM3_Init) for MX_TIM3_Init
    main.o(i.main) refers to i2c.o(i.MX_I2C1_Init) for MX_I2C1_Init
    main.o(i.main) refers to usart.o(i.MX_USART1_UART_Init) for MX_USART1_UART_Init
    main.o(i.main) refers to tim.o(i.MX_TIM2_Init) for MX_TIM2_Init
    main.o(i.main) refers to mpu6050.o(i.MPU_Init) for MPU_Init
    main.o(i.main) refers to inv_mpu.o(i.mpu_dmp_init) for mpu_dmp_init
    main.o(i.main) refers to motor.o(i.motorInit) for motorInit
    main.o(i.main) refers to printf8.o(i.__0printf$8) for __2printf
    main.o(i.main) refers to motor.o(i.motorForward) for motorForward
    main.o(i.main) refers to stm32f1xx_hal_uart.o(i.HAL_UART_Receive_IT) for HAL_UART_Receive_IT
    main.o(i.main) refers to main.o(.data) for .data
    main.o(i.main) refers to usart.o(.bss) for huart1
    main.o(i.serialRes) refers to motor.o(i.motorForward) for motorForward
    main.o(i.serialRes) refers to motor.o(i.motorBack) for motorBack
    main.o(i.serialRes) refers to motor.o(i.motorLeft) for motorLeft
    main.o(i.serialRes) refers to motor.o(i.motorRight) for motorRight
    main.o(i.serialRes) refers to motor.o(i.motorStop) for motorStop
    main.o(i.serialRes) refers to second.o(i.Fire) for Fire
    main.o(i.serialRes) refers to second.o(i.Catch) for Catch
    main.o(i.serialRes) refers to second.o(i.unCatch) for unCatch
    main.o(i.serialRes) refers to main.o(.data) for .data
    gpio.o(i.MX_GPIO_Init) refers to stm32f1xx_hal_gpio.o(i.HAL_GPIO_WritePin) for HAL_GPIO_WritePin
    gpio.o(i.MX_GPIO_Init) refers to stm32f1xx_hal_gpio.o(i.HAL_GPIO_Init) for HAL_GPIO_Init
    gpio.o(i.MX_GPIO_Init) refers to stm32f1xx_hal_cortex.o(i.HAL_NVIC_SetPriority) for HAL_NVIC_SetPriority
    gpio.o(i.MX_GPIO_Init) refers to stm32f1xx_hal_cortex.o(i.HAL_NVIC_EnableIRQ) for HAL_NVIC_EnableIRQ
    i2c.o(i.HAL_I2C_MspDeInit) refers to stm32f1xx_hal_gpio.o(i.HAL_GPIO_DeInit) for HAL_GPIO_DeInit
    i2c.o(i.HAL_I2C_MspInit) refers to stm32f1xx_hal_gpio.o(i.HAL_GPIO_Init) for HAL_GPIO_Init
    i2c.o(i.MX_I2C1_Init) refers to stm32f1xx_hal_i2c.o(i.HAL_I2C_Init) for HAL_I2C_Init
    i2c.o(i.MX_I2C1_Init) refers to main.o(i.Error_Handler) for Error_Handler
    i2c.o(i.MX_I2C1_Init) refers to i2c.o(.bss) for .bss
    tim.o(i.HAL_TIM_MspPostInit) refers to stm32f1xx_hal_gpio.o(i.HAL_GPIO_Init) for HAL_GPIO_Init
    tim.o(i.MX_TIM2_Init) refers to memseta.o(.text) for __aeabi_memclr4
[...]
    ../clib/microlib/printf/printf.c         0x00000000   Number         0  printf0.o ABSOLUTE
    ../clib/microlib/printf/printf.c         0x00000000   Number         0  printfb.o ABSOLUTE
    ../clib/microlib/printf/printf.c         0x00000000   Number         0  printf5.o ABSOLUTE
    ../clib/microlib/printf/stubs.s          0x00000000   Number         0  stubs.o ABSOLUTE
    ../clib/microlib/stdio/streams.c         0x00000000   Number         0  stdout.o ABSOLUTE
    ../clib/microlib/string/memcmp.c         0x00000000   Number         0  memcmp.o ABSOLUTE
    ../clib/microlib/string/memset.c         0x00000000   Number         0  memseta.o ABSOLUTE
    ../clib/microlib/stubs.s                 0x00000000   Number         0  iusefp.o ABSOLUTE
    ../fplib/microlib/d2f.c                  0x00000000   Number         0  d2f.o ABSOLUTE
    ../fplib/microlib/f2d.c                  0x00000000   Number         0  f2d.o ABSOLUTE
    ../fplib/microlib/fpadd.c                0x00000000   Number         0  fadd.o ABSOLUTE
    ../fplib/microlib/fpadd.c                0x00000000   Number         0  dadd.o ABSOLUTE
    ../fplib/microlib/fpdiv.c                0x00000000   Number         0  ddiv.o ABSOLUTE
    ../fplib/microlib/fpdiv.c                0x00000000   Number         0  fdiv.o ABSOLUTE
    ../fplib/microlib/fpepilogue.c           0x00000000   Number         0  fepilogue.o ABSOLUTE
    ../fplib/microlib/fpepilogue.c           0x00000000   Number         0  depilogue.o ABSOLUTE
    ../fplib/microlib/fpfix.c                0x00000000   Number         0  ffixi.o ABSOLUTE
    ../fplib/microlib/fpfix.c                0x00000000   Number         0  ffixui.o ABSOLUTE
    ../fplib/microlib/fpfix.c                0x00000000   Number         0  dfixul.o ABSOLUTE
    ../fplib/microlib/fpflt.c                0x00000000   Number         0  fflti.o ABSOLUTE
    ../fplib/microlib/fpflt.c                0x00000000   Number         0  ffltui.o ABSOLUTE
    ../fplib/microlib/fpflt.c                0x00000000   Number         0  dflti.o ABSOLUTE
    ../fplib/microlib/fpmul.c                0x00000000   Number         0  dmul.o ABSOLUTE
    ../fplib/microlib/fpmul.c                0x00000000   Number         0  fmul.o ABSOLUTE
    ../fplib/microlib/fpscalb.c              0x00000000   Number         0  fscalb.o ABSOLUTE
    ../fplib/microlib/fpscalb.c              0x00000000   Number         0  dscalb.o ABSOLUTE
    ../fplib/microlib/fpsqrt.c               0x00000000   Number         0  dsqrt.o ABSOLUTE
    ../mathlib/asin.c                        0x00000000   Number         0  asin_x.o ABSOLUTE
    ../mathlib/asin.c                        0x00000000   Number         0  asin.o ABSOLUTE
    ../mathlib/atan.c                        0x00000000   Number         0  atan.o ABSOLUTE
    ../mathlib/atan.c                        0x00000000   Number         0  atan_x.o ABSOLUTE
    ../mathlib/atan2.c                       0x00000000   Number         0  atan2.o ABSOLUTE
    ../mathlib/atan2.c                       0x00000000   Number         0  atan2_x.o ABSOLUTE
    ../mathlib/dunder.c                      0x00000000   Number         0  dunder.o ABSOLUTE
    ../mathlib/fpclassify.c                  0x00000000   Number         0  fpclassify.o ABSOLUTE
    ../mathlib/poly.c                        0x00000000   Number         0  poly.o ABSOLUTE
    ../mathlib/qnan.c                        0x00000000   Number         0  qnan.o ABSOLUTE
    ../mathlib/sqrt.c                        0x00000000   Number         0  sqrt_x.o ABSOLUTE
    ../mathlib/sqrt.c                        0x00000000   Number         0  sqrt.o ABSOLUTE
    ..\Core\Src\gpio.c                       0x00000000   Number         0  gpio.o ABSOLUTE
    ..\Core\Src\i2c.c                        0x00000000   Number         0  i2c.o ABSOLUTE
    ..\Core\Src\main.c                       0x00000000   Number         0  main.o ABSOLUTE
    ..\Core\Src\stm32f1xx_hal_msp.c          0x00000000   Number         0  stm32f1xx_hal_msp.o ABSOLUTE
    ..\Core\Src\stm32f1xx_it.c               0x00000000   Number         0  stm32f1xx_it.o ABSOLUTE
    ..\Core\Src\system_stm32f1xx.c           0x00000000   Number         0  system_stm32f1xx.o ABSOLUTE
    ..\Core\Src\tim.c                        0x00000000   Number         0  tim.o ABSOLUTE
    ..\Core\Src\usart.c                      0x00000000   Number         0  usart.o ABSOLUTE
    ..\Drivers\STM32F1xx_HAL_Driver\Src\stm32f1xx_hal.c 0x00000000   Number         0  stm32f1xx_hal.o ABSOLUTE
    ..\Drivers\STM32F1xx_HAL_Driver\Src\stm32f1xx_hal_cortex.c 0x00000000   Number         0  stm32f1xx_hal_cortex.o ABSOLUTE
    ..\Drivers\STM32F1xx_HAL_Driver\Src\stm32f1xx_hal_dma.c 0x00000000   Number         0  stm32f1xx_hal_dma.o ABSOLUTE
    ..\Drivers\STM32F1xx_HAL_Driver\Src\stm32f1xx_hal_exti.c 0x00000000   Number         0  stm32f1xx_hal_exti.o ABSOLUTE
    ..\Drivers\STM32F1xx_HAL_Driver\Src\stm32f1xx_hal_flash.c 0x00000000   Number         0  stm32f1xx_hal_flash.o ABSOLUTE
    ..\Drivers\STM32F1xx_HAL_Driver\Src\stm32f1xx_hal_flash_ex.c 0x00000000   Number         0  stm32f1xx_hal_flash_ex.o ABSOLUTE
    ..\Drivers\STM32F1xx_HAL_Driver\Src\stm32f1xx_hal_gpio.c 0x00000000   Number         0  stm32f1xx_hal_gpio.o ABSOLUTE
    ..\Drivers\STM32F1xx_HAL_Driver\Src\stm32f1xx_hal_gpio_ex.c 0x00000000   Number         0  stm32f1xx_hal_gpio_ex.o ABSOLUTE
    ..\Drivers\STM32F1xx_HAL_Driver\Src\stm32f1xx_hal_i2c.c 0x00000000   Number         0  stm32f1xx_hal_i2c.o ABSOLUTE
    ..\Drivers\STM32F1xx_HAL_Driver\Src\stm32f1xx_hal_pwr.c 0x00000000   Number         0  stm32f1xx_hal_pwr.o ABSOLUTE
    ..\Drivers\STM32F1xx_HAL_Driver\Src\stm32f1xx_hal_rcc.c 0x00000000   Number         0  stm32f1xx_hal_rcc.o ABSOLUTE
    ..\Drivers\STM32F1xx_HAL_Driver\Src\stm32f1xx_hal_rcc_ex.c 0x00000000   Number         0  stm32f1xx_hal_rcc_ex.o ABSOLUTE
    ..\Drivers\STM32F1xx_HAL_Driver\Src\stm32f1xx_hal_tim.c 0x00000000   Number         0  stm32f1xx_hal_tim.o ABSOLUTE
    ..\Drivers\STM32F1xx_HAL_Driver\Src\stm32f1xx_hal_tim_ex.c 0x00000000   Number         0  stm32f1xx_hal_tim_ex.o ABSOLUTE
    ..\Drivers\STM32F1xx_HAL_Driver\Src\stm32f1xx_hal_uart.c 0x00000000   Number         0  stm32f1xx_hal_uart.o ABSOLUTE
    ..\USER\MPU6050_BSP\IIC.c                0x00000000   Number         0  iic.o ABSOLUTE
    ..\USER\MPU6050_BSP\inv_mpu.c            0x00000000   Number         0  inv_mpu.o ABSOLUTE
    ..\USER\MPU6050_BSP\inv_mpu_dmp_motion_driver.c 0x00000000   Number         0  inv_mpu_dmp_motion_driver.o ABSOLUTE
    ..\USER\MPU6050_BSP\mpu6050.c            0x00000000   Number         0  mpu6050.o ABSOLUTE
    ..\USER\Motor\Motor.c                    0x00000000   Number         0  motor.o ABSOLUTE
    ..\USER\Second\Second.c                  0x00000000   Number         0  second.o ABSOLUTE
    ..\USER\Second\ULN2003.c                 0x00000000   Number         0  uln2003.o ABSOLUTE
    ..\USER\Sensor\MPU.c                     0x00000000   Number         0  mpu.o ABSOLUTE
    ..\USER\Sensor\Sensor.c                  0x00000000   Number         0  sensor.o ABSOLUTE
    ..\\USER\\MPU6050_BSP\\IIC.c             0x00000000   Number         0  iic.o ABSOLUTE
    ..\\USER\\MPU6050_BSP\\inv_mpu.c         0x00000000   Number         0  inv_mpu.o ABSOLUTE
    ..\\USER\\MPU6050_BSP\\inv_mpu_dmp_motion_driver.c 0x00000000   Number         0  inv_mpu_dmp_motion_driver.o ABSOLUTE
    ..\\USER\\MPU6050_BSP\\mpu6050.c         0x00000000   Number         0  mpu6050.o ABSOLUTE
    ..\\USER\\Motor\\Motor.c                 0x00000000   Number         0  motor.o ABSOLUTE
    ..\\USER\\Second\\Second.c               0x00000000   Number         0  second.o ABSOLUTE
    ..\\USER\\Second\\ULN2003.c              0x00000000   Number         0  uln2003.o ABSOLUTE
    ..\\USER\\Sensor\\MPU.c                  0x00000000   Number         0  mpu.o ABSOLUTE
    ..\\USER\\Sensor\\Sensor.c               0x00000000   Number         0  sensor.o ABSOLUTE
    cdcmple.s                                0x00000000   Number         0  cdcmple.o ABSOLUTE
    cdrcmple.s                               0x00000000   Number         0  cdrcmple.o ABSOLUTE
    dc.s                                     0x00000000   Number         0  dc.o ABSOLUTE
    handlers.s                               0x00000000   Number         0  handlers.o ABSOLUTE
    init.s                                   0x00000000   Number         0  init.o ABSOLUTE
    startup_stm32f103x6.s                    0x00000000   Number         0  startup_stm32f103x6.o ABSOLUTE
    RESET                                    0x08000000   Section      236  startup_stm32f103x6.o(RESET)
    .ARM.Collect$$$$00000000                 0x080000ec   Section        0  entry.o(.ARM.Collect$$$$00000000)
    .ARM.Collect$$$$00000001                 0x080000ec   Section        4  entry2.o(.ARM.Collect$$$$00000001)
    .ARM.Collect$$$$00000004                 0x080000f0   Section        4  entry5.o(.ARM.Collect$$$$00000004)
    .ARM.Collect$$$$00000008                 0x080000f4   Section        0  entry7b.o(.ARM.Collect$$$$00000008)
    .ARM.Collect$$$$0000000A                 0x080000f4   Section        0  entry8b.o(.ARM.Collect$$$$0000000A)
    .ARM.Collect$$$$0000000B                 0x080000f4   Section        8  entry9a.o(.ARM.Collect$$$$0000000B)
    .ARM.Collect$$$$0000000E                 0x080000fc   Section        4  entry12b.o(.ARM.Collect$$$$0000000E)
    .ARM.Collect$$$$0000000F                 0x08000100   Section        0  entry10a.o(.ARM.Collect$$$$0000000F)
    .ARM.Collect$$$$00000011                 0x08000100   Section        0  entry11a.o(.ARM.Collect$$$$00000011)
    .ARM.Collect$$$$00002712                 0x08000100   Section        4  entry2.o(.ARM.Collect$$$$00002712)
    __lit__00000000                          0x08000100   Data           4  entry2.o(.ARM.Collect$$$$00002712)
    .text                                    0x08000104   Section       36  startup_stm32f103x6.o(.text)
    .text                                    0x08000128   Section        0  ldiv.o(.text)
    .text                                    0x0800018a   Section        0  llushr.o(.text)
    .text                                    0x080001aa   Section        0  memseta.o(.text)
    .text                                    0x080001ce   Section        0  memcmp.o(.text)
    .text                                    0x080001e8   Section        0  fadd.o(.text)
    .text                                    0x08000298   Section        0  fmul.o(.text)
    .text                                    0x080002fc   Section        0  fdiv.o(.text)
    .text                                    0x08000378   Section        0  fscalb.o(.text)
    .text                                    0x08000390   Section        0  fflti.o(.text)
    .text                                    0x080003a2   Section        0  ffltui.o(.text)
    .text                                    0x080003ac   Section        0  ffixi.o(.text)
    .text                                    0x080003de   Section        0  ffixui.o(.text)
    .text                                    0x08000406   Section        0  uldiv.o(.text)
    .text                                    0x08000468   Section        0  llshl.o(.text)
    .text                                    0x08000486   Section        0  iusefp.o(.text)
    .text                                    0x08000486   Section        0  fepilogue.o(.text)
    .text                                    0x080004f4   Section       36  init.o(.text)
    i.BusFault_Handler                       0x08000518   Section        0  stm32f1xx_it.o(i.BusFault_Handler)
    i.Catch                                  0x0800051c   Section        0  second.o(i.Catch)
    i.DebugMon_Handler                       0x08000534   Section        0  stm32f1xx_it.o(i.DebugMon_Handler)
    i.EXTI15_10_IRQHandler                   0x08000536   Section        0  stm32f1xx_it.o(i.EXTI15_10_IRQHandler)
    i.Error_Handler                          0x0800055c   Section        0  main.o(i.Error_Handler)
    i.Fire                                   0x08000560   Section        0  second.o(i.Fire)
    i.HAL_DMA_Abort                          0x080005c4   Section        0  stm32f1xx_hal_dma.o(i.HAL_DMA_Abort)
    i.HAL_DMA_Abort_IT                       0x0800060c   Section        0  stm32f1xx_hal_dma.o(i.HAL_DMA_Abort_IT)
    i.HAL_Delay                              0x080006a4   Section        0  stm32f1xx_hal.o(i.HAL_Delay)
    i.HAL_GPIO_EXTI_Callback                 0x080006c8   Section        0  sensor.o(i.HAL_GPIO_EXTI_Callback)
    i.HAL_GPIO_EXTI_IRQHandler               0x08000748   Section        0  stm32f1xx_hal_gpio.o(i.HAL_GPIO_EXTI_IRQHandler)
    i.HAL_GPIO_Init                          0x08000760   Section        0  stm32f1xx_hal_gpio.o(i.HAL_GPIO_Init)
    i.HAL_GPIO_ReadPin                       0x08000920   Section        0  stm32f1xx_hal_gpio.o(i.HAL_GPIO_ReadPin)
    i.HAL_GPIO_WritePin                      0x0800092a   Section        0  stm32f1xx_hal_gpio.o(i.HAL_GPIO_WritePin)
    i.HAL_GetTick                            0x08000934   Section        0  stm32f1xx_hal.o(i.HAL_GetTick)
    i.HAL_I2C_Init                           0x08000940   Section        0  stm32f1xx_hal_i2c.o(i.HAL_I2C_Init)
    i.HAL_I2C_MspInit                        0x08000ac8   Section        0  i2c.o(i.HAL_I2C_MspInit)
    i.HAL_IncTick                            0x08000b34   Section        0  stm32f1xx_hal.o(i.HAL_IncTick)
    i.HAL_Init                               0x08000b44   Section        0  stm32f1xx_hal.o(i.HAL_Init)
    i.HAL_InitTick                           0x08000b68   Section        0  stm32f1xx_hal.o(i.HAL_InitTick)
    i.HAL_MspInit                            0x08000ba8   Section        0  stm32f1xx_hal_msp.o(i.HAL_MspInit)
    i.HAL_NVIC_EnableIRQ                     0x08000be4   Section        0  stm32f1xx_hal_cortex.o(i.HAL_NVIC_EnableIRQ)
    i.HAL_NVIC_SetPriority                   0x08000c00   Section        0  stm32f1xx_hal_cortex.o(i.HAL_NVIC_SetPriority)
    i.HAL_NVIC_SetPriorityGrouping           0x08000c40   Section        0  stm32f1xx_hal_cortex.o(i.HAL_NVIC_SetPriorityGrouping)
    i.HAL_RCC_ClockConfig                    0x08000c64   Section        0  stm32f1xx_hal_rcc.o(i.HAL_RCC_ClockConfig)
    i.HAL_RCC_GetPCLK1Freq                   0x08000d90   Section        0  stm32f1xx_hal_rcc.o(i.HAL_RCC_GetPCLK1Freq)
    i.HAL_RCC_GetPCLK2Freq                   0x08000db0   Section        0  stm32f1xx_hal_rcc.o(i.HAL_RCC_GetPCLK2Freq)
    i.HAL_RCC_GetSysClockFreq                0x08000dd0   Section        0  stm32f1xx_hal_rcc.o(i.HAL_RCC_GetSysClockFreq)
    i.HAL_RCC_OscConfig                      0x08000e3c   Section        0  stm32f1xx_hal_rcc.o(i.HAL_RCC_OscConfig)
    i.HAL_SYSTICK_Config                     0x0800115c   Section        0  stm32f1xx_hal_cortex.o(i.HAL_SYSTICK_Config)
    i.HAL_TIMEx_MasterConfigSynchronization  0x08001184   Section        0  stm32f1xx_hal_tim_ex.o(i.HAL_TIMEx_MasterConfigSynchronization)
    i.HAL_TIM_MspPostInit                    0x080011e4   Section        0  tim.o(i.HAL_TIM_MspPostInit)
    i.HAL_TIM_PWM_ConfigChannel              0x080012b8   Section        0  stm32f1xx_hal_tim.o(i.HAL_TIM_PWM_ConfigChannel)
    i.HAL_TIM_PWM_Init                       0x0800137e   Section        0  stm32f1xx_hal_tim.o(i.HAL_TIM_PWM_Init)
    i.HAL_TIM_PWM_MspInit                    0x080013d8   Section        0  tim.o(i.HAL_TIM_PWM_MspInit)
    i.HAL_TIM_PWM_Start                      0x08001414   Section        0  stm32f1xx_hal_tim.o(i.HAL_TIM_PWM_Start)
    i.HAL_TIM_PWM_Stop                       0x080014a8   Section        0  stm32f1xx_hal_tim.o(i.HAL_TIM_PWM_Stop)
    i.HAL_UARTEx_RxEventCallback             0x08001518   Section        0  stm32f1xx_hal_uart.o(i.HAL_UARTEx_RxEventCallback)
    i.HAL_UART_ErrorCallback                 0x0800151a   Section        0  stm32f1xx_hal_uart.o(i.HAL_UART_ErrorCallback)
    i.HAL_UART_IRQHandler                    0x0800151c   Section        0  stm32f1xx_hal_uart.o(i.HAL_UART_IRQHandler)
    i.HAL_UART_Init                          0x08001728   Section        0  stm32f1xx_hal_uart.o(i.HAL_UART_Init)
    i.HAL_UART_MspInit                       0x0800178c   Section        0  usart.o(i.HAL_UART_MspInit)
    i.HAL_UART_Receive_IT                    0x0800180c   Section        0  stm32f1xx_hal_uart.o(i.HAL_UART_Receive_IT)
    i.HAL_UART_RxCpltCallback                0x08001838   Section        0  main.o(i.HAL_UART_RxCpltCallback)
    i.HAL_UART_Transmit                      0x08001870   Section        0  stm32f1xx_hal_uart.o(i.HAL_UART_Transmit)
    i.HAL_UART_TxCpltCallback                0x08001922   Section        0  stm32f1xx_hal_uart.o(i.HAL_UART_TxCpltCallback)
    i.HardFault_Handler                      0x08001924   Section        0  stm32f1xx_it.o(i.HardFault_Handler)
    i.IIC_Ack                                0x08001928   Section        0  iic.o(i.IIC_Ack)
    i.IIC_Delay                              0x08001970   Section        0  iic.o(i.IIC_Delay)
    IIC_Delay                                0x08001971   Thumb Code    12  iic.o(i.IIC_Delay)
    i.IIC_GPIO_Init                          0x0800197c   Section        0  iic.o(i.IIC_GPIO_Init)
    i.IIC_NAck                               0x080019b8   Section        0  iic.o(i.IIC_NAck)
    i.IIC_Read_Byte                          0x080019f0   Section        0  iic.o(i.IIC_Read_Byte)
    i.IIC_Send_Byte                          0x08001a54   Section        0  iic.o(i.IIC_Send_Byte)
    i.IIC_Start                              0x08001abc   Section        0  iic.o(i.IIC_Start)
    i.IIC_Stop                               0x08001b00   Section        0  iic.o(i.IIC_Stop)
    i.IIC_Wait_Ack                           0x08001b34   Section        0  iic.o(i.IIC_Wait_Ack)
    i.MPU_Init                               0x08001b80   Section        0  mpu6050.o(i.MPU_Init)
    i.MPU_Read_Byte                          0x08001bf6   Section        0  mpu6050.o(i.MPU_Read_Byte)
    i.MPU_Read_Len                           0x08001c30   Section        0  mpu6050.o(i.MPU_Read_Len)
    i.MPU_Set_Accel_Fsr                      0x08001c9c   Section        0  mpu6050.o(i.MPU_Set_Accel_Fsr)
    i.MPU_Set_Gyro_Fsr                       0x08001ca6   Section        0  mpu6050.o(i.MPU_Set_Gyro_Fsr)
    i.MPU_Set_LPF                            0x08001cb0   Section        0  mpu6050.o(i.MPU_Set_LPF)
    i.MPU_Set_Rate                           0x08001ce0   Section        0  mpu6050.o(i.MPU_Set_Rate)
    i.MPU_Write_Byte                         0x08001d0e   Section        0  mpu6050.o(i.MPU_Write_Byte)
    i.MPU_Write_Len                          0x08001d4a   Section        0  mpu6050.o(i.MPU_Write_Len)
    i.MX_GPIO_Init                           0x08001d9c   Section        0  gpio.o(i.MX_GPIO_Init)
    i.MX_I2C1_Init                           0x08001e70   Section        0  i2c.o(i.MX_I2C1_Init)
    i.MX_TIM2_Init                           0x08001eb0   Section        0  tim.o(i.MX_TIM2_Init)
    i.MX_TIM3_Init                           0x08001f4c   Section        0  tim.o(i.MX_TIM3_Init)
    i.MX_USART1_UART_Init                    0x08001fec   Section        0  usart.o(i.MX_USART1_UART_Init)
    i.MemManage_Handler                      0x08002024   Section        0  stm32f1xx_it.o(i.MemManage_Handler)
    i.NMI_Handler                            0x08002026   Section        0  stm32f1xx_it.o(i.NMI_Handler)
    i.PendSV_Handler                         0x08002028   Section        0  stm32f1xx_it.o(i.PendSV_Handler)
    i.SVC_Handler                            0x0800202a   Section        0  stm32f1xx_it.o(i.SVC_Handler)
    i.SysTick_Handler                        0x0800202c   Section        0  stm32f1xx_it.o(i.SysTick_Handler)
    i.SystemClock_Config                     0x08002030   Section        0  main.o(i.SystemClock_Config)
    i.SystemInit                             0x0800208e   Section        0  system_stm32f1xx.o(i.SystemInit)
    i.TIM_Base_SetConfig                     0x08002090   Section        0  stm32f1xx_hal_tim.o(i.TIM_Base_SetConfig)
    i.TIM_CCxChannelCmd                      0x080020ec   Section        0  stm32f1xx_hal_tim.o(i.TIM_CCxChannelCmd)
    i.TIM_OC1_SetConfig                      0x08002108   Section        0  stm32f1xx_hal_tim.o(i.TIM_OC1_SetConfig)
    TIM_OC1_SetConfig                        0x08002109   Thumb Code    74  stm32f1xx_hal_tim.o(i.TIM_OC1_SetConfig)
    i.TIM_OC2_SetConfig                      0x08002158   Section        0  stm32f1xx_hal_tim.o(i.TIM_OC2_SetConfig)
    i.TIM_OC3_SetConfig                      0x080021b0   Section        0  stm32f1xx_hal_tim.o(i.TIM_OC3_SetConfig)
    TIM_OC3_SetConfig                        0x080021b1   Thumb Code    82  stm32f1xx_hal_tim.o(i.TIM_OC3_SetConfig)
    i.TIM_OC4_SetConfig                      0x08002208   Section        0  stm32f1xx_hal_tim.o(i.TIM_OC4_SetConfig)
    TIM_OC4_SetConfig                        0x08002209   Thumb Code    64  stm32f1xx_hal_tim.o(i.TIM_OC4_SetConfig)
    i.UART_DMAAbortOnError                   0x0800224c   Section        0  stm32f1xx_hal_uart.o(i.UART_DMAAbortOnError)
    UART_DMAAbortOnError                     0x0800224d   Thumb Code    16  stm32f1xx_hal_uart.o(i.UART_DMAAbortOnError)
    i.UART_EndRxTransfer                     0x0800225c   Section        0  stm32f1xx_hal_uart.o(i.UART_EndRxTransfer)
    UART_EndRxTransfer                       0x0800225d   Thumb Code    48  stm32f1xx_hal_uart.o(i.UART_EndRxTransfer)
    i.UART_Receive_IT                        0x0800228c   Section        0  stm32f1xx_hal_uart.o(i.UART_Receive_IT)
    UART_Receive_IT                          0x0800228d   Thumb Code   182  stm32f1xx_hal_uart.o(i.UART_Receive_IT)
    i.UART_SetConfig                         0x08002344   Section        0  stm32f1xx_hal_uart.o(i.UART_SetConfig)
    UART_SetConfig                           0x08002345   Thumb Code   178  stm32f1xx_hal_uart.o(i.UART_SetConfig)
    i.UART_Start_Receive_IT                  0x080023fc   Section        0  stm32f1xx_hal_uart.o(i.UART_Start_Receive_IT)
    i.UART_WaitOnFlagUntilTimeout            0x08002432   Section        0  stm32f1xx_hal_uart.o(i.UART_WaitOnFlagUntilTimeout)
    UART_WaitOnFlagUntilTimeout              0x08002433   Thumb Code   100  stm32f1xx_hal_uart.o(i.UART_WaitOnFlagUntilTimeout)
    i.USART1_IRQHandler                      0x08002498   Section        0  stm32f1xx_it.o(i.USART1_IRQHandler)
    i.UsageFault_Handler                     0x080024a4   Section        0  stm32f1xx_it.o(i.UsageFault_Handler)
    i.__0printf$8                            0x080024a8   Section        0  printf8.o(i.__0printf$8)
    i.__NVIC_SetPriority                     0x080024c8   Section        0  stm32f1xx_hal_cortex.o(i.__NVIC_SetPriority)
    __NVIC_SetPriority                       0x080024c9   Thumb Code    32  stm32f1xx_hal_cortex.o(i.__NVIC_SetPriority)
    i.__scatterload_copy                     0x080024e8   Section       14  handlers.o(i.__scatterload_copy)
    i.__scatterload_null                     0x080024f6   Section        2  handlers.o(i.__scatterload_null)
    i.__scatterload_zeroinit                 0x080024f8   Section       14  handlers.o(i.__scatterload_zeroinit)
    i._printf_core                           0x08002508   Section        0  printf8.o(i._printf_core)
    _printf_core                             0x08002509   Thumb Code   984  printf8.o(i._printf_core)
    i._printf_post_padding                   0x0800290c   Section        0  printf8.o(i._printf_post_padding)
    _printf_post_padding                     0x0800290d   Thumb Code    36  printf8.o(i._printf_post_padding)
    i._printf_pre_padding                    0x08002930   Section        0  printf8.o(i._printf_pre_padding)
    _printf_pre_padding                      0x08002931   Thumb Code    46  printf8.o(i._printf_pre_padding)
    i.accel_self_test                        0x08002960   Section        0  inv_mpu.o(i.accel_self_test)
    accel_self_test                          0x08002961   Thumb Code   114  inv_mpu.o(i.accel_self_test)
    i.dmp_enable_6x_lp_quat                  0x080029e0   Section        0  inv_mpu_dmp_motion_driver.o(i.dmp_enable_6x_lp_quat)
    i.dmp_enable_feature                     0x08002a1c   Section        0  inv_mpu_dmp_motion_driver.o(i.dmp_enable_feature)
    i.dmp_enable_gyro_cal                    0x08002bf4   Section        0  inv_mpu_dmp_motion_driver.o(i.dmp_enable_gyro_cal)
    i.dmp_enable_lp_quat                     0x08002c30   Section        0  inv_mpu_dmp_motion_driver.o(i.dmp_enable_lp_quat)
    i.dmp_load_motion_driver_firmware        0x08002c6c   Section        0  inv_mpu_dmp_motion_driver.o(i.dmp_load_motion_driver_firmware)
    i.dmp_set_accel_bias                     0x08002c80   Section        0  inv_mpu_dmp_motion_driver.o(i.dmp_set_accel_bias)
    i.dmp_set_fifo_rate                      0x08002d58   Section        0  inv_mpu_dmp_motion_driver.o(i.dmp_set_fifo_rate)
    i.dmp_set_gyro_bias                      0x08002dbc   Section        0  inv_mpu_dmp_motion_driver.o(i.dmp_set_gyro_bias)
    i.dmp_set_orientation                    0x08002e88   Section        0  inv_mpu_dmp_motion_driver.o(i.dmp_set_orientation)
    i.dmp_set_shake_reject_thresh            0x08002f94   Section        0  inv_mpu_dmp_motion_driver.o(i.dmp_set_shake_reject_thresh)
    i.dmp_set_shake_reject_time              0x08002fc4   Section        0  inv_mpu_dmp_motion_driver.o(i.dmp_set_shake_reject_time)
    i.dmp_set_shake_reject_timeout           0x08002fe4   Section        0  inv_mpu_dmp_motion_driver.o(i.dmp_set_shake_reject_timeout)
    i.dmp_set_tap_axes                       0x08003004   Section        0  inv_mpu_dmp_motion_driver.o(i.dmp_set_tap_axes)
    i.dmp_set_tap_count                      0x08003044   Section        0  inv_mpu_dmp_motion_driver.o(i.dmp_set_tap_count)
    i.dmp_set_tap_thresh                     0x08003068   Section        0  inv_mpu_dmp_motion_driver.o(i.dmp_set_tap_thresh)
    i.dmp_set_tap_time                       0x08003190   Section        0  inv_mpu_dmp_motion_driver.o(i.dmp_set_tap_time)
    i.dmp_set_tap_time_multi                 0x080031b0   Section        0  inv_mpu_dmp_motion_driver.o(i.dmp_set_tap_time_multi)
    i.fputc                                  0x080031d0   Section        0  usart.o(i.fputc)
    i.get_accel_prod_shift                   0x080031e8   Section        0  inv_mpu.o(i.get_accel_prod_shift)
    get_accel_prod_shift                     0x080031e9   Thumb Code   158  inv_mpu.o(i.get_accel_prod_shift)
    i.get_st_biases                          0x08003294   Section        0  inv_mpu.o(i.get_st_biases)
    get_st_biases                            0x08003295   Thumb Code   784  inv_mpu.o(i.get_st_biases)
    i.gyro_self_test                         0x080035a8   Section        0  inv_mpu.o(i.gyro_self_test)
    gyro_self_test                           0x080035a9   Thumb Code   190  inv_mpu.o(i.gyro_self_test)
    i.inv_orientation_matrix_to_scalar       0x0800367c   Section        0  inv_mpu.o(i.inv_orientation_matrix_to_scalar)
    i.inv_row_2_scale                        0x0800369e   Section        0  inv_mpu.o(i.inv_row_2_scale)
    i.main                                   0x080036e8   Section        0  main.o(i.main)
    i.motorBack                              0x08003738   Section        0  motor.o(i.motorBack)
    i.motorForward                           0x08003758   Section        0  motor.o(i.motorForward)
    i.motorInit                              0x08003778   Section        0  motor.o(i.motorInit)
    i.motorLeft                              0x0800379c   Section        0  motor.o(i.motorLeft)
    i.motorRight                             0x080037bc   Section        0  motor.o(i.motorRight)
    i.motorStart                             0x080037dc   Section        0  motor.o(i.motorStart)
    i.motorStop                              0x08003808   Section        0  motor.o(i.motorStop)
    i.mpu_configure_fifo                     0x08003834   Section        0  inv_mpu.o(i.mpu_configure_fifo)
    i.mpu_dmp_init                           0x08003888   Section        0  inv_mpu.o(i.mpu_dmp_init)
    i.mpu_get_accel_fsr                      0x0800392c   Section        0  inv_mpu.o(i.mpu_get_accel_fsr)
    i.mpu_get_accel_sens                     0x08003968   Section        0  inv_mpu.o(i.mpu_get_accel_sens)
    i.mpu_get_gyro_fsr                       0x080039ac   Section        0  inv_mpu.o(i.mpu_get_gyro_fsr)
    i.mpu_get_gyro_sens                      0x080039e0   Section        0  inv_mpu.o(i.mpu_get_gyro_sens)
    i.mpu_get_lpf                            0x08003a20   Section        0  inv_mpu.o(i.mpu_get_lpf)
    i.mpu_get_sample_rate                    0x08003a58   Section        0  inv_mpu.o(i.mpu_get_sample_rate)
    i.mpu_init                               0x08003a74   Section        0  inv_mpu.o(i.mpu_init)
    i.mpu_load_firmware                      0x08003bfc   Section        0  inv_mpu.o(i.mpu_load_firmware)
    i.mpu_lp_accel_mode                      0x08003c9c   Section        0  inv_mpu.o(i.mpu_lp_accel_mode)
    i.mpu_read_mem                           0x08003d54   Section        0  inv_mpu.o(i.mpu_read_mem)
    i.mpu_reset_fifo                         0x08003da8   Section        0  inv_mpu.o(i.mpu_reset_fifo)
    i.mpu_run_self_test                      0x08003f08   Section        0  inv_mpu.o(i.mpu_run_self_test)
    i.mpu_set_accel_fsr                      0x08003ff8   Section        0  inv_mpu.o(i.mpu_set_accel_fsr)
    i.mpu_set_bypass                         0x08004060   Section        0  inv_mpu.o(i.mpu_set_bypass)
    i.mpu_set_dmp_state                      0x0800413c   Section        0  inv_mpu.o(i.mpu_set_dmp_state)
    i.mpu_set_gyro_fsr                       0x080041b4   Section        0  inv_mpu.o(i.mpu_set_gyro_fsr)
    i.mpu_set_int_latched                    0x08004220   Section        0  inv_mpu.o(i.mpu_set_int_latched)
    i.mpu_set_lpf                            0x08004284   Section        0  inv_mpu.o(i.mpu_set_lpf)
    i.mpu_set_sample_rate                    0x080042f0   Section        0  inv_mpu.o(i.mpu_set_sample_rate)
    i.mpu_set_sensors                        0x08004370   Section        0  inv_mpu.o(i.mpu_set_sensors)
    i.mpu_write_mem                          0x08004428   Section        0  inv_mpu.o(i.mpu_write_mem)
    i.run_self_test                          0x0800447c   Section        0  inv_mpu.o(i.run_self_test)
    i.serialRes                              0x080044fc   Section        0  main.o(i.serialRes)
    i.set_int_enable                         0x08004580   Section        0  inv_mpu.o(i.set_int_enable)
    set_int_enable                           0x08004581   Thumb Code    84  inv_mpu.o(i.set_int_enable)
    i.stepCCV                                0x080045d8   Section        0  uln2003.o(i.stepCCV)
    i.unCatch                                0x08004790   Section        0  second.o(i.unCatch)
    .constdata                               0x0800479a   Section       16  system_stm32f1xx.o(.constdata)
    .constdata                               0x080047aa   Section        8  system_stm32f1xx.o(.constdata)
    .constdata                               0x080047b2   Section       27  inv_mpu.o(.constdata)
    .constdata                               0x080047ce   Section       12  inv_mpu.o(.constdata)
    .constdata                               0x080047dc   Section       40  inv_mpu.o(.constdata)
    .constdata                               0x08004804   Section     3062  inv_mpu_dmp_motion_driver.o(.constdata)
    dmp_memory                               0x08004804   Data        3062  inv_mpu_dmp_motion_driver.o(.constdata)
    .conststring                             0x080053fc   Section       77  inv_mpu.o(.conststring)
    .data                                    0x20000000   Section        8  main.o(.data)
    .data                                    0x20000008   Section       12  stm32f1xx_hal.o(.data)
    .data                                    0x20000014   Section        4  system_stm32f1xx.o(.data)
    .data                                    0x20000018   Section       53  inv_mpu.o(.data)
    st                                       0x20000018   Data          44  inv_mpu.o(.data)
    gyro_orientation                         0x20000044   Data           9  inv_mpu.o(.data)
    .data                                    0x20000050   Section        4  stdout.o(.data)
    .bss                                     0x20000054   Section       84  i2c.o(.bss)
    .bss                                     0x200000a8   Section      144  tim.o(.bss)
    .bss                                     0x20000138   Section       68  usart.o(.bss)
    .bss                                     0x2000017c   Section       16  inv_mpu_dmp_motion_driver.o(.bss)
    dmp                                      0x2000017c   Data          16  inv_mpu_dmp_motion_driver.o(.bss)
    STACK                                    0x20000190   Section     1024  startup_stm32f103x6.o(STACK)

    Global Symbols

    Symbol Name                              Value     Ov Type        Size  Object(Section)

    BuildAttributes$$THM_ISAv4$P$D$K$B$S$PE$A:L22UL41UL21$X:L11$S22US41US21$IEEE1$IW$USESV6$~STKCKD$USESV7$~SHL$OTIME$ROPI$IEEEX$EBA8$MICROLIB$REQ8$PRES8$EABIv2 0x00000000   Number         0  anon$$obj.o ABSOLUTE
    __ARM_use_no_argv                        0x00000000   Number         0  main.o ABSOLUTE
    _printf_a                                0x00000000   Number         0  stubs.o ABSOLUTE
    _printf_c                                0x00000000   Number         0  stubs.o ABSOLUTE
    _printf_charcount                        0x00000000   Number         0  stubs.o ABSOLUTE
    _printf_d                                0x00000000   Number         0  stubs.o ABSOLUTE
    _printf_e                                0x00000000   Number         0  stubs.o ABSOLUTE
    _printf_f                                0x00000000   Number         0  stubs.o ABSOLUTE
    _printf_flags                            0x00000000   Number         0  stubs.o ABSOLUTE
    _printf_fp_dec                           0x00000000   Number         0  stubs.o ABSOLUTE
    _printf_fp_hex                           0x00000000   Number         0  stubs.o ABSOLUTE
    _printf_g                                0x00000000   Number         0  stubs.o ABSOLUTE
    _printf_i                                0x00000000   Number         0  stubs.o ABSOLUTE
    _printf_int_dec                          0x00000000   Number         0  stubs.o ABSOLUTE
    _printf_l                                0x00000000   Number         0  stubs.o ABSOLUTE
    _printf_lc                               0x00000000   Number         0  stubs.o ABSOLUTE
    _printf_ll                               0x00000000   Number         0  stubs.o ABSOLUTE
    _printf_lld                              0x00000000   Number         0  stubs.o ABSOLUTE
    _printf_lli                              0x00000000   Number         0  stubs.o ABSOLUTE
    _printf_llo                              0x00000000   Number         0  stubs.o ABSOLUTE
    _printf_llu                              0x00000000   Number         0  stubs.o ABSOLUTE
    _printf_llx                              0x00000000   Number         0  stubs.o ABSOLUTE
    _printf_longlong_dec                     0x00000000   Number         0  stubs.o ABSOLUTE
    _printf_longlong_hex                     0x00000000   Number         0  stubs.o ABSOLUTE
    _printf_longlong_oct                     0x00000000   Number         0  stubs.o ABSOLUTE
    _printf_ls                               0x00000000   Number         0  stubs.o ABSOLUTE
    _printf_mbtowc                           0x00000000   Number         0  stubs.o ABSOLUTE
    _printf_n                                0x00000000   Number         0  stubs.o ABSOLUTE
    _printf_o                                0x00000000   Number         0  stubs.o ABSOLUTE
    _printf_p                                0x00000000   Number         0  stubs.o ABSOLUTE
    _printf_percent                          0x00000000   Number         0  stubs.o ABSOLUTE
    _printf_pre_padding                      0x00000000   Number         0  stubs.o ABSOLUTE
    _printf_return_value                     0x00000000   Number         0  stubs.o ABSOLUTE
    _printf_s                                0x00000000   Number         0  stubs.o ABSOLUTE
    _printf_sizespec                         0x00000000   Number         0  stubs.o ABSOLUTE
    _printf_str                              0x00000000   Number         0  stubs.o ABSOLUTE
    _printf_truncate_signed                  0x00000000   Number         0  stubs.o ABSOLUTE
    _printf_truncate_unsigned                0x00000000   Number         0  stubs.o ABSOLUTE
    _printf_u                                0x00000000   Number         0  stubs.o ABSOLUTE
    _printf_wc                               0x00000000   Number         0  stubs.o ABSOLUTE
    _printf_wctomb                           0x00000000   Number         0  stubs.o ABSOLUTE
    _printf_widthprec                        0x00000000   Number         0  stubs.o ABSOLUTE
    _printf_x                                0x00000000   Number         0  stubs.o ABSOLUTE
    __arm_fini_                               - Undefined Weak Reference
    __cpp_initialize__aeabi_                  - Undefined Weak Reference
    __cxa_finalize                            - Undefined Weak Reference
    __decompress                              - Undefined Weak Reference
    _clock_init                               - Undefined Weak Reference
    _microlib_exit                            - Undefined Weak Reference
    __Vectors_Size                           0x000000ec   Number         0  startup_stm32f103x6.o ABSOLUTE
    __Vectors                                0x08000000   Data           4  startup_stm32f103x6.o(RESET)
    __Vectors_End                            0x080000ec   Data           0  startup_stm32f103x6.o(RESET)
    __main                                   0x080000ed   Thumb Code     0  entry.o(.ARM.Collect$$$$00000000)
    _main_stk                                0x080000ed   Thumb Code     0  entry2.o(.ARM.Collect$$$$00000001)
    _main_scatterload                        0x080000f1   Thumb Code     0  entry5.o(.ARM.Collect$$$$00000004)
    __main_after_scatterload                 0x080000f5   Thumb Code     0  entry5.o(.ARM.Collect$$$$00000004)
    _main_clock                              0x080000f5   Thumb Code     0  entry7b.o(.ARM.Collect$$$$00000008)
    _main_cpp_init                           0x080000f5   Thumb Code     0  entry8b.o(.ARM.Collect$$$$0000000A)
    _main_init                               0x080000f5   Thumb Code     0  entry9a.o(.ARM.Collect$$$$0000000B)
    __rt_lib_shutdown_fini                   0x080000fd   Thumb Code     0  entry12b.o(.ARM.Collect$$$$0000000E)
    __rt_final_cpp                           0x08000101   Thumb Code     0  entry10a.o(.ARM.Collect$$$$0000000F)
    __rt_final_exit                          0x08000101   Thumb Code     0  entry11a.o(.ARM.Collect$$$$00000011)
    Reset_Handler                            0x08000105   Thumb Code     8  startup_stm32f103x6.o(.text)
    ADC1_2_IRQHandler                        0x0800011f   Thumb Code     0  startup_stm32f103x6.o(.text)
    CAN1_RX1_IRQHandler                      0x0800011f   Thumb Code     0  startup_stm32f103x6.o(.text)
    CAN1_SCE_IRQHandler                      0x0800011f   Thumb Code     0  startup_stm32f103x6.o(.text)
    DMA1_Channel1_IRQHandler                 0x0800011f   Thumb Code     0  startup_stm32f103x6.o(.text)
    DMA1_Channel2_IRQHandler                 0x0800011f   Thumb Code     0  startup_stm32f103x6.o(.text)
    DMA1_Channel3_IRQHandler                 0x0800011f   Thumb Code     0  startup_stm32f103x6.o(.text)
    DMA1_Channel4_IRQHandler                 0x0800011f   Thumb Code     0  startup_stm32f103x6.o(.text)
    DMA1_Channel5_IRQHandler                 0x0800011f   Thumb Code     0  startup_stm32f103x6.o(.text)
    DMA1_Channel6_IRQHandler                 0x0800011f   Thumb Code     0  startup_stm32f103x6.o(.text)
    DMA1_Channel7_IRQHandler                 0x0800011f   Thumb Code     0  startup_stm32f103x6.o(.text)
    EXTI0_IRQHandler                         0x0800011f   Thumb Code     0  startup_stm32f103x6.o(.text)
    EXTI1_IRQHandler                         0x0800011f   Thumb Code     0  startup_stm32f103x6.o(.text)
    EXTI2_IRQHandler                         0x0800011f   Thumb Code     0  startup_stm32f103x6.o(.text)
    EXTI3_IRQHandler                         0x0800011f   Thumb Code     0  startup_stm32f103x6.o(.text)
    EXTI4_IRQHandler                         0x0800011f   Thumb Code     0  startup_stm32f103x6.o(.text)
    EXTI9_5_IRQHandler                       0x0800011f   Thumb Code     0  startup_stm32f103x6.o(.text)
    FLASH_IRQHandler                         0x0800011f   Thumb Code     0  startup_stm32f103x6.o(.text)
    I2C1_ER_IRQHandler                       0x0800011f   Thumb Code     0  startup_stm32f103x6.o(.text)
    I2C1_EV_IRQHandler                       0x0800011f   Thumb Code     0  startup_stm32f103x6.o(.text)
    PVD_IRQHandler                           0x0800011f   Thumb Code     0  startup_stm32f103x6.o(.text)
    RCC_IRQHandler                           0x0800011f   Thumb Code     0  startup_stm32f103x6.o(.text)
    RTC_Alarm_IRQHandler                     0x0800011f   Thumb Code     0  startup_stm32f103x6.o(.text)
    RTC_IRQHandler                           0x0800011f   Thumb Code     0  startup_stm32f103x6.o(.text)
    SPI1_IRQHandler                          0x0800011f   Thumb Code     0  startup_stm32f103x6.o(.text)
    TAMPER_IRQHandler                        0x0800011f   Thumb Code     0  startup_stm32f103x6.o(.text)
    TIM1_BRK_IRQHandler                      0x0800011f   Thumb Code     0  startup_stm32f103x6.o(.text)
    TIM1_CC_IRQHandler                       0x0800011f   Thumb Code     0  startup_stm32f103x6.o(.text)
    TIM1_TRG_COM_IRQHandler                  0x0800011f   Thumb Code     0  startup_stm32f103x6.o(.text)
    TIM1_UP_IRQHandler                       0x0800011f   Thumb Code     0  startup_stm32f103x6.o(.text)
    TIM2_IRQHandler                          0x0800011f   Thumb Code     0  startup_stm32f103x6.o(.text)
    TIM3_IRQHandler                          0x0800011f   Thumb Code     0  startup_stm32f103x6.o(.text)
    USART2_IRQHandler                        0x0800011f   Thumb Code     0  startup_stm32f103x6.o(.text)
    USBWakeUp_IRQHandler                     0x0800011f   Thumb Code     0  startup_stm32f103x6.o(.text)
    USB_HP_CAN1_TX_IRQHandler                0x0800011f   Thumb Code     0  startup_stm32f103x6.o(.text)
    USB_LP_CAN1_RX0_IRQHandler               0x0800011f   Thumb Code     0  startup_stm32f103x6.o(.text)
    WWDG_IRQHandler                          0x0800011f   Thumb Code     0  startup_stm32f103x6.o(.text)
    __aeabi_ldivmod                          0x08000129   Thumb Code    98  ldiv.o(.text)
    __aeabi_llsr                             0x0800018b   Thumb Code    32  llushr.o(.text)
    _ll_ushift_r                             0x0800018b   Thumb Code     0  llushr.o(.text)
    __aeabi_memset                           0x080001ab   Thumb Code    14  memseta.o(.text)
    __aeabi_memset4                          0x080001ab   Thumb Code     0  memseta.o(.text)
    __aeabi_memset8                          0x080001ab   Thumb Code     0  memseta.o(.text)
    __aeabi_memclr                           0x080001b9   Thumb Code     4  memseta.o(.text)
    __aeabi_memclr4                          0x080001b9   Thumb Code     0  memseta.o(.text)
    __aeabi_memclr8                          0x080001b9   Thumb Code     0  memseta.o(.text)
    _memset$wrapper                          0x080001bd   Thumb Code    18  memseta.o(.text)
    memcmp                                   0x080001cf   Thumb Code    26  memcmp.o(.text)
    __aeabi_fadd                             0x080001e9   Thumb Code   164  fadd.o(.text)
    __aeabi_fsub                             0x0800028d   Thumb Code     6  fadd.o(.text)
    __aeabi_frsub                            0x08000293   Thumb Code     6  fadd.o(.text)
    __aeabi_fmul                             0x08000299   Thumb Code   100  fmul.o(.text)
    __aeabi_fdiv                             0x080002fd   Thumb Code   124  fdiv.o(.text)
    __ARM_scalbnf                            0x08000379   Thumb Code    24  fscalb.o(.text)
    scalbnf                                  0x08000379   Thumb Code     0  fscalb.o(.text)
    __aeabi_i2f                              0x08000391   Thumb Code    18  fflti.o(.text)
    __aeabi_ui2f                             0x080003a3   Thumb Code    10  ffltui.o(.text)
    __aeabi_f2iz                             0x080003ad   Thumb Code    50  ffixi.o(.text)
    __aeabi_f2uiz                            0x080003df   Thumb Code    40  ffixui.o(.text)
    __aeabi_uldivmod                         0x08000407   Thumb Code    98  uldiv.o(.text)
    __aeabi_llsl                             0x08000469   Thumb Code    30  llshl.o(.text)
    _ll_shift_l                              0x08000469   Thumb Code     0  llshl.o(.text)
    __I$use$fp                               0x08000487   Thumb Code     0  iusefp.o(.text)
    _float_round                             0x08000487   Thumb Code    18  fepilogue.o(.text)
    _float_epilogue                          0x08000499   Thumb Code    92  fepilogue.o(.text)
    __scatterload                            0x080004f5   Thumb Code    28  init.o(.text)
    __scatterload_rt2                        0x080004f5   Thumb Code     0  init.o(.text)
    BusFault_Handler                         0x08000519   Thumb Code     2  stm32f1xx_it.o(i.BusFault_Handler)
    Catch                                    0x0800051d   Thumb Code    20  second.o(i.Catch)
    DebugMon_Handler                         0x08000535   Thumb Code     2  stm32f1xx_it.o(i.DebugMon_Handler)
    EXTI15_10_IRQHandler                     0x08000537   Thumb Code    38  stm32f1xx_it.o(i.EXTI15_10_IRQHandler)
    Error_Handler                            0x0800055d   Thumb Code     4  main.o(i.Error_Handler)
    Fire                                     0x08000561   Thumb Code    90  second.o(i.Fire)
    HAL_DMA_Abort                            0x080005c5   Thumb Code    70  stm32f1xx_hal_dma.o(i.HAL_DMA_Abort)
    HAL_DMA_Abort_IT                         0x0800060d   Thumb Code   148  stm32f1xx_hal_dma.o(i.HAL_DMA_Abort_IT)
    HAL_Delay                                0x080006a5   Thumb Code    32  stm32f1xx_hal.o(i.HAL_Delay)
    HAL_GPIO_EXTI_Callback                   0x080006c9   Thumb Code   110  sensor.o(i.HAL_GPIO_EXTI_Callback)
    HAL_GPIO_EXTI_IRQHandler                 0x08000749   Thumb Code    18  stm32f1xx_hal_gpio.o(i.HAL_GPIO_EXTI_IRQHandler)
    HAL_GPIO_Init                            0x08000761   Thumb Code   418  stm32f1xx_hal_gpio.o(i.HAL_GPIO_Init)
    HAL_GPIO_ReadPin                         0x08000921   Thumb Code    10  stm32f1xx_hal_gpio.o(i.HAL_GPIO_ReadPin)
    HAL_GPIO_WritePin                        0x0800092b   Thumb Code    10  stm32f1xx_hal_gpio.o(i.HAL_GPIO_WritePin)
    HAL_GetTick                              0x08000935   Thumb Code     6  stm32f1xx_hal.o(i.HAL_GetTick)
    HAL_I2C_Init                             0x08000941   Thumb Code   376  stm32f1xx_hal_i2c.o(i.HAL_I2C_Init)
    HAL_I2C_MspInit                          0x08000ac9   Thumb Code    92  i2c.o(i.HAL_I2C_MspInit)
    HAL_IncTick                              0x08000b35   Thumb Code    12  stm32f1xx_hal.o(i.HAL_IncTick)
    HAL_Init                                 0x08000b45   Thumb Code    32  stm32f1xx_hal.o(i.HAL_Init)
    HAL_InitTick                             0x08000b69   Thumb Code    54  stm32f1xx_hal.o(i.HAL_InitTick)
    HAL_MspInit                              0x08000ba9   Thumb Code    52  stm32f1xx_hal_msp.o(i.HAL_MspInit)
    HAL_NVIC_EnableIRQ                       0x08000be5   Thumb Code    26  stm32f1xx_hal_cortex.o(i.HAL_NVIC_EnableIRQ)
    HAL_NVIC_SetPriority                     0x08000c01   Thumb Code    60  stm32f1xx_hal_cortex.o(i.HAL_NVIC_SetPriority)
    HAL_NVIC_SetPriorityGrouping             0x08000c41   Thumb Code    26  stm32f1xx_hal_cortex.o(i.HAL_NVIC_SetPriorityGrouping)
    HAL_RCC_ClockConfig                      0x08000c65   Thumb Code   280  stm32f1xx_hal_rcc.o(i.HAL_RCC_ClockConfig)
    HAL_RCC_GetPCLK1Freq                     0x08000d91   Thumb Code    20  stm32f1xx_hal_rcc.o(i.HAL_RCC_GetPCLK1Freq)
    HAL_RCC_GetPCLK2Freq                     0x08000db1   Thumb Code    20  stm32f1xx_hal_rcc.o(i.HAL_RCC_GetPCLK2Freq)
    HAL_RCC_GetSysClockFreq                  0x08000dd1   Thumb Code    74  stm32f1xx_hal_rcc.o(i.HAL_RCC_GetSysClockFreq)
    HAL_RCC_OscConfig                        0x08000e3d   Thumb Code   778  stm32f1xx_hal_rcc.o(i.HAL_RCC_OscConfig)
    HAL_SYSTICK_Config                       0x0800115d   Thumb Code    40  stm32f1xx_hal_cortex.o(i.HAL_SYSTICK_Config)
    HAL_TIMEx_MasterConfigSynchronization    0x08001185   Thumb Code    86  stm32f1xx_hal_tim_ex.o(i.HAL_TIMEx_MasterConfigSynchronization)
    HAL_TIM_MspPostInit                      0x080011e5   Thumb Code   192  tim.o(i.HAL_TIM_MspPostInit)
    HAL_TIM_PWM_ConfigChannel                0x080012b9   Thumb Code   198  stm32f1xx_hal_tim.o(i.HAL_TIM_PWM_ConfigChannel)
    HAL_TIM_PWM_Init                         0x0800137f   Thumb Code    90  stm32f1xx_hal_tim.o(i.HAL_TIM_PWM_Init)
    HAL_TIM_PWM_MspInit                      0x080013d9   Thumb Code    52  tim.o(i.HAL_TIM_PWM_MspInit)
    HAL_TIM_PWM_Start                        0x08001415   Thumb Code   138  stm32f1xx_hal_tim.o(i.HAL_TIM_PWM_Start)
    HAL_TIM_PWM_Stop                         0x080014a9   Thumb Code   108  stm32f1xx_hal_tim.o(i.HAL_TIM_PWM_Stop)
    HAL_UARTEx_RxEventCallback               0x08001519   Thumb Code     2  stm32f1xx_hal_uart.o(i.HAL_UARTEx_RxEventCallback)
    HAL_UART_ErrorCallback                   0x0800151b   Thumb Code     2  stm32f1xx_hal_uart.o(i.HAL_UART_ErrorCallback)
    HAL_UART_IRQHandler                      0x0800151d   Thumb Code   520  stm32f1xx_hal_uart.o(i.HAL_UART_IRQHandler)
    HAL_UART_Init                            0x08001729   Thumb Code    98  stm32f1xx_hal_uart.o(i.HAL_UART_Init)
    HAL_UART_MspInit                         0x0800178d   Thumb Code   116  usart.o(i.HAL_UART_MspInit)
    HAL_UART_Receive_IT                      0x0800180d   Thumb Code    42  stm32f1xx_hal_uart.o(i.HAL_UART_Receive_IT)
    HAL_UART_RxCpltCallback                  0x08001839   Thumb Code    48  main.o(i.HAL_UART_RxCpltCallback)
    HAL_UART_Transmit                        0x08001871   Thumb Code   178  stm32f1xx_hal_uart.o(i.HAL_UART_Transmit)
    HAL_UART_TxCpltCallback                  0x08001923   Thumb Code     2  stm32f1xx_hal_uart.o(i.HAL_UART_TxCpltCallback)
    HardFault_Handler                        0x08001925   Thumb Code     2  stm32f1xx_it.o(i.HardFault_Handler)
    IIC_Ack                                  0x08001929   Thumb Code    66  iic.o(i.IIC_Ack)
    IIC_GPIO_Init                            0x0800197d   Thumb Code    52  iic.o(i.IIC_GPIO_Init)
    IIC_NAck                                 0x080019b9   Thumb Code    52  iic.o(i.IIC_NAck)
    IIC_Read_Byte                            0x080019f1   Thumb Code    96  iic.o(i.IIC_Read_Byte)
    IIC_Send_Byte                            0x08001a55   Thumb Code    98  iic.o(i.IIC_Send_Byte)
    IIC_Start                                0x08001abd   Thumb Code    64  iic.o(i.IIC_Start)
    IIC_Stop                                 0x08001b01   Thumb Code    46  iic.o(i.IIC_Stop)
    IIC_Wait_Ack                             0x08001b35   Thumb Code    70  iic.o(i.IIC_Wait_Ack)
    MPU_Init                                 0x08001b81   Thumb Code   118  mpu6050.o(i.MPU_Init)
    MPU_Read_Byte                            0x08001bf7   Thumb Code    58  mpu6050.o(i.MPU_Read_Byte)
    MPU_Read_Len                             0x08001c31   Thumb Code   108  mpu6050.o(i.MPU_Read_Len)
    MPU_Set_Accel_Fsr                        0x08001c9d   Thumb Code    10  mpu6050.o(i.MPU_Set_Accel_Fsr)
    MPU_Set_Gyro_Fsr                         0x08001ca7   Thumb Code    10  mpu6050.o(i.MPU_Set_Gyro_Fsr)
    MPU_Set_LPF                              0x08001cb1   Thumb Code    48  mpu6050.o(i.MPU_Set_LPF)
    MPU_Set_Rate                             0x08001ce1   Thumb Code    46  mpu6050.o(i.MPU_Set_Rate)
    MPU_Write_Byte                           0x08001d0f   Thumb Code    60  mpu6050.o(i.MPU_Write_Byte)
    MPU_Write_Len                            0x08001d4b   Thumb Code    82  mpu6050.o(i.MPU_Write_Len)
    MX_GPIO_Init                             0x08001d9d   Thumb Code   192  gpio.o(i.MX_GPIO_Init)
    MX_I2C1_Init                             0x08001e71   Thumb Code    50  i2c.o(i.MX_I2C1_Init)
    MX_TIM2_Init                             0x08001eb1   Thumb Code   152  tim.o(i.MX_TIM2_Init)
    MX_TIM3_Init                             0x08001f4d   Thumb Code   150  tim.o(i.MX_TIM3_Init)
    MX_USART1_UART_Init                      0x08001fed   Thumb Code    48  usart.o(i.MX_USART1_UART_Init)
    MemManage_Handler                        0x08002025   Thumb Code     2  stm32f1xx_it.o(i.MemManage_Handler)
    NMI_Handler                              0x08002027   Thumb Code     2  stm32f1xx_it.o(i.NMI_Handler)
    PendSV_Handler                           0x08002029   Thumb Code     2  stm32f1xx_it.o(i.PendSV_Handler)
    SVC_Handler                              0x0800202b   Thumb Code     2  stm32f1xx_it.o(i.SVC_Handler)
    SysTick_Handler                          0x0800202d   Thumb Code     4  stm32f1xx_it.o(i.SysTick_Handler)
    SystemClock_Config                       0x08002031   Thumb Code    94  main.o(i.SystemClock_Config)
    SystemInit                               0x0800208f   Thumb Code     2  system_stm32f1xx.o(i.SystemInit)
    TIM_Base_SetConfig                       0x08002091   Thumb Code    84  stm32f1xx_hal_tim.o(i.TIM_Base_SetConfig)
    TIM_CCxChannelCmd                        0x080020ed   Thumb Code    26  stm32f1xx_hal_tim.o(i.TIM_CCxChannelCmd)
    TIM_OC2_SetConfig                        0x08002159   Thumb Code    84  stm32f1xx_hal_tim.o(i.TIM_OC2_SetConfig)
    UART_Start_Receive_IT                    0x080023fd   Thumb Code    54  stm32f1xx_hal_uart.o(i.UART_Start_Receive_IT)
    USART1_IRQHandler                        0x08002499   Thumb Code     6  stm32f1xx_it.o(i.USART1_IRQHandler)
    UsageFault_Handler                       0x080024a5   Thumb Code     2  stm32f1xx_it.o(i.UsageFault_Handler)
    __0printf$8                              0x080024a9   Thumb Code    22  printf8.o(i.__0printf$8)
    __1printf$8                              0x080024a9   Thumb Code     0  printf8.o(i.__0printf$8)
    __2printf                                0x080024a9   Thumb Code     0  printf8.o(i.__0printf$8)
    __scatterload_copy                       0x080024e9   Thumb Code    14  handlers.o(i.__scatterload_copy)
    __scatterload_null                       0x080024f7   Thumb Code     2  handlers.o(i.__scatterload_null)
    __scatterload_zeroinit                   0x080024f9   Thumb Code    14  handlers.o(i.__scatterload_zeroinit)
    dmp_enable_6x_lp_quat                    0x080029e1   Thumb Code    58  inv_mpu_dmp_motion_driver.o(i.dmp_enable_6x_lp_quat)
    dmp_enable_feature                       0x08002a1d   Thumb Code   464  inv_mpu_dmp_motion_driver.o(i.dmp_enable_feature)
    dmp_enable_gyro_cal                      0x08002bf5   Thumb Code    34  inv_mpu_dmp_motion_driver.o(i.dmp_enable_gyro_cal)
    dmp_enable_lp_quat                       0x08002c31   Thumb Code    58  inv_mpu_dmp_motion_driver.o(i.dmp_enable_lp_quat)
    dmp_load_motion_driver_firmware          0x08002c6d   Thumb Code    16  inv_mpu_dmp_motion_driver.o(i.dmp_load_motion_driver_firmware)
    dmp_set_accel_bias                       0x08002c81   Thumb Code   210  inv_mpu_dmp_motion_driver.o(i.dmp_set_accel_bias)
    dmp_set_fifo_rate                        0x08002d59   Thumb Code    82  inv_mpu_dmp_motion_driver.o(i.dmp_set_fifo_rate)
    dmp_set_gyro_bias                        0x08002dbd   Thumb Code   196  inv_mpu_dmp_motion_driver.o(i.dmp_set_gyro_bias)
    dmp_set_orientation                      0x08002e89   Thumb Code   246  inv_mpu_dmp_motion_driver.o(i.dmp_set_orientation)
    dmp_set_shake_reject_thresh              0x08002f95   Thumb Code    48  inv_mpu_dmp_motion_driver.o(i.dmp_set_shake_reject_thresh)
    dmp_set_shake_reject_time                0x08002fc5   Thumb Code    32  inv_mpu_dmp_motion_driver.o(i.dmp_set_shake_reject_time)
    dmp_set_shake_reject_timeout             0x08002fe5   Thumb Code    32  inv_mpu_dmp_motion_driver.o(i.dmp_set_shake_reject_timeout)
    dmp_set_tap_axes                         0x08003005   Thumb Code    64  inv_mpu_dmp_motion_driver.o(i.dmp_set_tap_axes)
    dmp_set_tap_count                        0x08003045   Thumb Code    34  inv_mpu_dmp_motion_driver.o(i.dmp_set_tap_count)
    dmp_set_tap_thresh                       0x08003069   Thumb Code   274  inv_mpu_dmp_motion_driver.o(i.dmp_set_tap_thresh)
    dmp_set_tap_time                         0x08003191   Thumb Code    32  inv_mpu_dmp_motion_driver.o(i.dmp_set_tap_time)
    dmp_set_tap_time_multi                   0x080031b1   Thumb Code    32  inv_mpu_dmp_motion_driver.o(i.dmp_set_tap_time_multi)
    fputc                                    0x080031d1   Thumb Code    20  usart.o(i.fputc)
    inv_orientation_matrix_to_scalar         0x0800367d   Thumb Code    34  inv_mpu.o(i.inv_orientation_matrix_to_scalar)
    inv_row_2_scale                          0x0800369f   Thumb Code    72  inv_mpu.o(i.inv_row_2_scale)
    main                                     0x080036e9   Thumb Code    62  main.o(i.main)
    motorBack                                0x08003739   Thumb Code    26  motor.o(i.motorBack)
    motorForward                             0x08003759   Thumb Code    26  motor.o(i.motorForward)
    motorInit                                0x08003779   Thumb Code    30  motor.o(i.motorInit)
    motorLeft                                0x0800379d   Thumb Code    28  motor.o(i.motorLeft)
    motorRight                               0x080037bd   Thumb Code    28  motor.o(i.motorRight)
    motorStart                               0x080037dd   Thumb Code    38  motor.o(i.motorStart)
    motorStop                                0x08003809   Thumb Code    38  motor.o(i.motorStop)
    mpu_configure_fifo                       0x08003835   Thumb Code    78  inv_mpu.o(i.mpu_configure_fifo)
    mpu_dmp_init                             0x08003889   Thumb Code   158  inv_mpu.o(i.mpu_dmp_init)
    mpu_get_accel_fsr                        0x0800392d   Thumb Code    54  inv_mpu.o(i.mpu_get_accel_fsr)
    mpu_get_accel_sens                       0x08003969   Thumb Code    62  inv_mpu.o(i.mpu_get_accel_sens)
    mpu_get_gyro_fsr                         0x080039ad   Thumb Code    48  inv_mpu.o(i.mpu_get_gyro_fsr)
    mpu_get_gyro_sens                        0x080039e1   Thumb Code    44  inv_mpu.o(i.mpu_get_gyro_sens)
    mpu_get_lpf                              0x08003a21   Thumb Code    52  inv_mpu.o(i.mpu_get_lpf)
    mpu_get_sample_rate                      0x08003a59   Thumb Code    22  inv_mpu.o(i.mpu_get_sample_rate)
    mpu_init                                 0x08003a75   Thumb Code   310  inv_mpu.o(i.mpu_init)
    mpu_load_firmware                        0x08003bfd   Thumb Code   154  inv_mpu.o(i.mpu_load_firmware)
    mpu_lp_accel_mode                        0x08003c9d   Thumb Code   178  inv_mpu.o(i.mpu_lp_accel_mode)
    mpu_read_mem                             0x08003d55   Thumb Code    80  inv_mpu.o(i.mpu_read_mem)
    mpu_reset_fifo                           0x08003da9   Thumb Code   346  inv_mpu.o(i.mpu_reset_fifo)
    mpu_run_self_test                        0x08003f09   Thumb Code   234  inv_mpu.o(i.mpu_run_self_test)
    mpu_set_accel_fsr                        0x08003ff9   Thumb Code    98  inv_mpu.o(i.mpu_set_accel_fsr)
    mpu_set_bypass                           0x08004061   Thumb Code   214  inv_mpu.o(i.mpu_set_bypass)
    mpu_set_dmp_state                        0x0800413d   Thumb Code   114  inv_mpu.o(i.mpu_set_dmp_state)
    mpu_set_gyro_fsr                         0x080041b5   Thumb Code   104  inv_mpu.o(i.mpu_set_gyro_fsr)
    mpu_set_int_latched                      0x08004221   Thumb Code    94  inv_mpu.o(i.mpu_set_int_latched)
    mpu_set_lpf                              0x08004285   Thumb Code   102  inv_mpu.o(i.mpu_set_lpf)
    mpu_set_sample_rate                      0x080042f1   Thumb Code   124  inv_mpu.o(i.mpu_set_sample_rate)
    mpu_set_sensors                          0x08004371   Thumb Code   178  inv_mpu.o(i.mpu_set_sensors)
    mpu_write_mem                            0x08004429   Thumb Code    80  inv_mpu.o(i.mpu_write_mem)
    run_self_test                            0x0800447d   Thumb Code   128  inv_mpu.o(i.run_self_test)
    serialRes                                0x080044fd   Thumb Code   128  main.o(i.serialRes)
    stepCCV                                  0x080045d9   Thumb Code   434  uln2003.o(i.stepCCV)
    unCatch                                  0x08004791   Thumb Code    10  second.o(i.unCatch)
    AHBPrescTable                            0x0800479a   Data          16  system_stm32f1xx.o(.constdata)
    APBPrescTable                            0x080047aa   Data           8  system_stm32f1xx.o(.constdata)
    reg                                      0x080047b2   Data          27  inv_mpu.o(.constdata)
    hw                                       0x080047ce   Data          12  inv_mpu.o(.constdata)
    test                                     0x080047dc   Data          40  inv_mpu.o(.constdata)
    Region$$Table$$Base                      0x0800544c   Number         0  anon$$obj.o(Region$$Table)
    Region$$Table$$Limit                     0x0800546c   Number         0  anon$$obj.o(Region$$Table)
    Uart1_Rx_Cnt                             0x20000000   Data           1  main.o(.data)
    aRxBuffer                                0x20000001   Data           1  main.o(.data)
    RxBuffer                                 0x20000002   Data           2  main.o(.data)
    autoFlag                                 0x20000004   Data           4  main.o(.data)
    uwTickFreq                               0x20000008   Data           1  stm32f1xx_hal.o(.data)
    uwTickPrio                               0x2000000c   Data           4  stm32f1xx_hal.o(.data)
    uwTick                                   0x20000010   Data           4  stm32f1xx_hal.o(.data)
    SystemCoreClock                          0x20000014   Data           4  system_stm32f1xx.o(.data)
    __stdout                                 0x20000050   Data           4  stdout.o(.data)
    hi2c1                                    0x20000054   Data          84  i2c.o(.bss)
    htim2                                    0x200000a8   Data          72  tim.o(.bss)
    htim3                                    0x200000f0   Data          72  tim.o(.bss)
    huart1                                   0x20000138   Data          68  usart.o(.bss)
    __initial_sp                             0x20000590   Data           0  startup_stm32f103x6.o(STACK)



==============================================================================

Memory Map of the image

  Image Entry point : 0x080000ed

  Load Region LR_IROM1 (Base: 0x08000000, Size: 0x000054c0, Max: 0x00008000, ABSOLUTE)

    Execution Region ER_IROM1 (Exec base: 0x08000000, Load base: 0x08000000, Size: 0x0000546c, Max: 0x00008000, ABSOLUTE)

    Exec Addr    Load Addr    Size         Type   Attr      Idx    E Section Name        Object

    0x08000000   0x08000000   0x000000ec   Data   RO            3    RESET               startup_stm32f103x6.o
    0x080000ec   0x080000ec   0x00000000   Code   RO         4218  * .ARM.Collect$$$$00000000  mc_w.l(entry.o)
    0x080000ec   0x080000ec   0x00000004   Code   RO         4555    .ARM.Collect$$$$00000001  mc_w.l(entry2.o)
    0x080000f0   0x080000f0   0x00000004   Code   RO         4558    .ARM.Collect$$$$00000004  mc_w.l(entry5.o)
    0x080000f4   0x080000f4   0x00000000   Code   RO         4560    .ARM.Collect$$$$00000008  mc_w.l(entry7b.o)
    0x080000f4   0x080000f4   0x00000000   Code   RO         4562    .ARM.Collect$$$$0000000A  mc_w.l(entry8b.o)
    0x080000f4   0x080000f4   0x00000008   Code   RO         4563    .ARM.Collect$$$$0000000B  mc_w.l(entry9a.o)
    0x080000fc   0x080000fc   0x00000004   Code   RO         4570    .ARM.Collect$$$$0000000E  mc_w.l(entry12b.o)
    0x08000100   0x08000100   0x00000000   Code   RO         4565    .ARM.Collect$$$$0000000F  mc_w.l(entry10a.o)
    0x08000100   0x08000100   0x00000000   Code   RO         4567    .ARM.Collect$$$$00000011  mc_w.l(entry11a.o)
    0x08000100   0x08000100   0x00000004   Code   RO         4556    .ARM.Collect$$$$00002712  mc_w.l(entry2.o)
    0x08000104   0x08000104   0x00000024   Code   RO            4    .text               startup_stm32f103x6.o
    0x08000128   0x08000128   0x00000062   Code   RO         4221    .text               mc_w.l(ldiv.o)
    0x0800018a   0x0800018a   0x00000020   Code   RO         4223    .text               mc_w.l(llushr.o)
    0x080001aa   0x080001aa   0x00000024   Code   RO         4225    .text               mc_w.l(memseta.o)
    0x080001ce   0x080001ce   0x0000001a   Code   RO         4227    .text               mc_w.l(memcmp.o)
    0x080001e8   0x080001e8   0x000000b0   Code   RO         4490    .text               mf_w.l(fadd.o)
    0x08000298   0x08000298   0x00000064   Code   RO         4492    .text               mf_w.l(fmul.o)
    0x080002fc   0x080002fc   0x0000007c   Code   RO         4494    .text               mf_w.l(fdiv.o)
    0x08000378   0x08000378   0x00000018   Code   RO         4496    .text               mf_w.l(fscalb.o)
    0x08000390   0x08000390   0x00000012   Code   RO         4504    .text               mf_w.l(fflti.o)
    0x080003a2   0x080003a2   0x0000000a   Code   RO         4506    .text               mf_w.l(ffltui.o)
    0x080003ac   0x080003ac   0x00000032   Code   RO         4510    .text               mf_w.l(ffixi.o)
    0x080003de   0x080003de   0x00000028   Code   RO         4512    .text               mf_w.l(ffixui.o)
    0x08000406   0x08000406   0x00000062   Code   RO         4574    .text               mc_w.l(uldiv.o)
    0x08000468   0x08000468   0x0000001e   Code   RO         4576    .text               mc_w.l(llshl.o)
    0x08000486   0x08000486   0x00000000   Code   RO         4587    .text               mc_w.l(iusefp.o)
    0x08000486   0x08000486   0x0000006e   Code   RO         4588    .text               mf_w.l(fepilogue.o)
    0x080004f4   0x080004f4   0x00000024   Code   RO         4600    .text               mc_w.l(init.o)
    0x08000518   0x08000518   0x00000002   Code   RO          369    i.BusFault_Handler  stm32f1xx_it.o
    0x0800051a   0x0800051a   0x00000002   PAD
    0x0800051c   0x0800051c   0x00000018   Code   RO         4125    i.Catch             second.o
    0x08000534   0x08000534   0x00000002   Code   RO          370    i.DebugMon_Handler  stm32f1xx_it.o
    0x08000536   0x08000536   0x00000026   Code   RO          371    i.EXTI15_10_IRQHandler  stm32f1xx_it.o
    0x0800055c   0x0800055c   0x00000004   Code   RO           13    i.Error_Handler     main.o
    0x08000560   0x08000560   0x00000064   Code   RO         4126    i.Fire              second.o
    0x080005c4   0x080005c4   0x00000046   Code   RO         1328    i.HAL_DMA_Abort     stm32f1xx_hal_dma.o
    0x0800060a   0x0800060a   0x00000002   PAD
    0x0800060c   0x0800060c   0x00000098   Code   RO         1329    i.HAL_DMA_Abort_IT  stm32f1xx_hal_dma.o
    0x080006a4   0x080006a4   0x00000024   Code   RO          956    i.HAL_Delay         stm32f1xx_hal.o
    0x080006c8   0x080006c8   0x00000080   Code   RO         4076    i.HAL_GPIO_EXTI_Callback  sensor.o
    0x08000748   0x08000748   0x00000018   Code   RO         1263    i.HAL_GPIO_EXTI_IRQHandler  stm32f1xx_hal_gpio.o
    0x08000760   0x08000760   0x000001c0   Code   RO         1264    i.HAL_GPIO_Init     stm32f1xx_hal_gpio.o
    0x08000920   0x08000920   0x0000000a   Code   RO         1266    i.HAL_GPIO_ReadPin  stm32f1xx_hal_gpio.o
    0x0800092a   0x0800092a   0x0000000a   Code   RO         1268    i.HAL_GPIO_WritePin  stm32f1xx_hal_gpio.o
    0x08000934   0x08000934   0x0000000c   Code   RO          960    i.HAL_GetTick       stm32f1xx_hal.o
    0x08000940   0x08000940   0x00000188   Code   RO          528    i.HAL_I2C_Init      stm32f1xx_hal_i2c.o
    0x08000ac8   0x08000ac8   0x0000006c   Code   RO          226    i.HAL_I2C_MspInit   i2c.o
    0x08000b34   0x08000b34   0x00000010   Code   RO          966    i.HAL_IncTick       stm32f1xx_hal.o
    0x08000b44   0x08000b44   0x00000024   Code   RO          967    i.HAL_Init          stm32f1xx_hal.o
    0x08000b68   0x08000b68   0x00000040   Code   RO          968    i.HAL_InitTick      stm32f1xx_hal.o
    0x08000ba8   0x08000ba8   0x0000003c   Code   RO          457    i.HAL_MspInit       stm32f1xx_hal_msp.o
    0x08000be4   0x08000be4   0x0000001a   Code   RO         1424    i.HAL_NVIC_EnableIRQ  stm32f1xx_hal_cortex.o
    0x08000bfe   0x08000bfe   0x00000002   PAD
    0x08000c00   0x08000c00   0x00000040   Code   RO         1430    i.HAL_NVIC_SetPriority  stm32f1xx_hal_cortex.o
    0x08000c40   0x08000c40   0x00000024   Code   RO         1431    i.HAL_NVIC_SetPriorityGrouping  stm32f1xx_hal_cortex.o
    0x08000c64   0x08000c64   0x0000012c   Code   RO         1124    i.HAL_RCC_ClockConfig  stm32f1xx_hal_rcc.o
    0x08000d90   0x08000d90   0x00000020   Code   RO         1131    i.HAL_RCC_GetPCLK1Freq  stm32f1xx_hal_rcc.o
    0x08000db0   0x08000db0   0x00000020   Code   RO         1132    i.HAL_RCC_GetPCLK2Freq  stm32f1xx_hal_rcc.o
    0x08000dd0   0x08000dd0   0x0000006c   Code   RO         1133    i.HAL_RCC_GetSysClockFreq  stm32f1xx_hal_rcc.o
    0x08000e3c   0x08000e3c   0x00000320   Code   RO         1136    i.HAL_RCC_OscConfig  stm32f1xx_hal_rcc.o
    0x0800115c   0x0800115c   0x00000028   Code   RO         1435    i.HAL_SYSTICK_Config  stm32f1xx_hal_cortex.o
    0x08001184   0x08001184   0x00000060   Code   RO         2639    i.HAL_TIMEx_MasterConfigSynchronization  stm32f1xx_hal_tim_ex.o
    0x080011e4   0x080011e4   0x000000d4   Code   RO          267    i.HAL_TIM_MspPostInit  tim.o
    0x080012b8   0x080012b8   0x000000c6   Code   RO         1988    i.HAL_TIM_PWM_ConfigChannel  stm32f1xx_hal_tim.o
    0x0800137e   0x0800137e   0x0000005a   Code   RO         1991    i.HAL_TIM_PWM_Init  stm32f1xx_hal_tim.o
    0x080013d8   0x080013d8   0x0000003c   Code   RO          269    i.HAL_TIM_PWM_MspInit  tim.o
    0x08001414   0x08001414   0x00000094   Code   RO         1996    i.HAL_TIM_PWM_Start  stm32f1xx_hal_tim.o
    0x080014a8   0x080014a8   0x00000070   Code   RO         1999    i.HAL_TIM_PWM_Stop  stm32f1xx_hal_tim.o
    0x08001518   0x08001518   0x00000002   Code   RO         2898    i.HAL_UARTEx_RxEventCallback  stm32f1xx_hal_uart.o
    0x0800151a   0x0800151a   0x00000002   Code   RO         2912    i.HAL_UART_ErrorCallback  stm32f1xx_hal_uart.o
    0x0800151c   0x0800151c   0x0000020c   Code   RO         2915    i.HAL_UART_IRQHandler  stm32f1xx_hal_uart.o
    0x08001728   0x08001728   0x00000062   Code   RO         2916    i.HAL_UART_Init     stm32f1xx_hal_uart.o
    0x0800178a   0x0800178a   0x00000002   PAD
    0x0800178c   0x0800178c   0x00000080   Code   RO          322    i.HAL_UART_MspInit  usart.o
    0x0800180c   0x0800180c   0x0000002a   Code   RO         2921    i.HAL_UART_Receive_IT  stm32f1xx_hal_uart.o
    0x08001836   0x08001836   0x00000002   PAD
    0x08001838   0x08001838   0x00000038   Code   RO           14    i.HAL_UART_RxCpltCallback  main.o
    0x08001870   0x08001870   0x000000b2   Code   RO         2924    i.HAL_UART_Transmit  stm32f1xx_hal_uart.o
    0x08001922   0x08001922   0x00000002   Code   RO         2927    i.HAL_UART_TxCpltCallback  stm32f1xx_hal_uart.o
    0x08001924   0x08001924   0x00000002   Code   RO          372    i.HardFault_Handler  stm32f1xx_it.o
    0x08001926   0x08001926   0x00000002   PAD
    0x08001928   0x08001928   0x00000048   Code   RO         3282    i.IIC_Ack           iic.o
    0x08001970   0x08001970   0x0000000c   Code   RO         3284    i.IIC_Delay         iic.o
    0x0800197c   0x0800197c   0x0000003c   Code   RO         3285    i.IIC_GPIO_Init     iic.o
    0x080019b8   0x080019b8   0x00000038   Code   RO         3286    i.IIC_NAck          iic.o
    0x080019f0   0x080019f0   0x00000064   Code   RO         3287    i.IIC_Read_Byte     iic.o
    0x08001a54   0x08001a54   0x00000068   Code   RO         3288    i.IIC_Send_Byte     iic.o
    0x08001abc   0x08001abc   0x00000044   Code   RO         3289    i.IIC_Start         iic.o
    0x08001b00   0x08001b00   0x00000034   Code   RO         3290    i.IIC_Stop          iic.o
    0x08001b34   0x08001b34   0x0000004c   Code   RO         3291    i.IIC_Wait_Ack      iic.o
    0x08001b80   0x08001b80   0x00000076   Code   RO         3915    i.MPU_Init          mpu6050.o
    0x08001bf6   0x08001bf6   0x0000003a   Code   RO         3916    i.MPU_Read_Byte     mpu6050.o
    0x08001c30   0x08001c30   0x0000006c   Code   RO         3917    i.MPU_Read_Len      mpu6050.o
    0x08001c9c   0x08001c9c   0x0000000a   Code   RO         3918    i.MPU_Set_Accel_Fsr  mpu6050.o
    0x08001ca6   0x08001ca6   0x0000000a   Code   RO         3919    i.MPU_Set_Gyro_Fsr  mpu6050.o
    0x08001cb0   0x08001cb0   0x00000030   Code   RO         3920    i.MPU_Set_LPF       mpu6050.o
    0x08001ce0   0x08001ce0   0x0000002e   Code   RO         3921    i.MPU_Set_Rate      mpu6050.o
    0x08001d0e   0x08001d0e   0x0000003c   Code   RO         3922    i.MPU_Write_Byte    mpu6050.o
    0x08001d4a   0x08001d4a   0x00000052   Code   RO         3923    i.MPU_Write_Len     mpu6050.o
    0x08001d9c   0x08001d9c   0x000000d4   Code   RO          201    i.MX_GPIO_Init      gpio.o
    0x08001e70   0x08001e70   0x00000040   Code   RO          227    i.MX_I2C1_Init      i2c.o
    0x08001eb0   0x08001eb0   0x0000009c   Code   RO          270    i.MX_TIM2_Init      tim.o
    0x08001f4c   0x08001f4c   0x000000a0   Code   RO          271    i.MX_TIM3_Init      tim.o
    0x08001fec   0x08001fec   0x00000038   Code   RO          323    i.MX_USART1_UART_Init  usart.o
    0x08002024   0x08002024   0x00000002   Code   RO          373    i.MemManage_Handler  stm32f1xx_it.o
    0x08002026   0x08002026   0x00000002   Code   RO          374    i.NMI_Handler       stm32f1xx_it.o
    0x08002028   0x08002028   0x00000002   Code   RO          375    i.PendSV_Handler    stm32f1xx_it.o
    0x0800202a   0x0800202a   0x00000002   Code   RO          376    i.SVC_Handler       stm32f1xx_it.o
    0x0800202c   0x0800202c   0x00000004   Code   RO          377    i.SysTick_Handler   stm32f1xx_it.o
    0x08002030   0x08002030   0x0000005e   Code   RO           15    i.SystemClock_Config  main.o
    0x0800208e   0x0800208e   0x00000002   Code   RO         3245    i.SystemInit        system_stm32f1xx.o
    0x08002090   0x08002090   0x0000005c   Code   RO         2009    i.TIM_Base_SetConfig  stm32f1xx_hal_tim.o
    0x080020ec   0x080020ec   0x0000001a   Code   RO         2010    i.TIM_CCxChannelCmd  stm32f1xx_hal_tim.o
    0x08002106   0x08002106   0x00000002   PAD
    0x08002108   0x08002108   0x00000050   Code   RO         2022    i.TIM_OC1_SetConfig  stm32f1xx_hal_tim.o
    0x08002158   0x08002158   0x00000058   Code   RO         2023    i.TIM_OC2_SetConfig  stm32f1xx_hal_tim.o
    0x080021b0   0x080021b0   0x00000058   Code   RO         2024    i.TIM_OC3_SetConfig  stm32f1xx_hal_tim.o
    0x08002208   0x08002208   0x00000044   Code   RO         2025    i.TIM_OC4_SetConfig  stm32f1xx_hal_tim.o
    0x0800224c   0x0800224c   0x00000010   Code   RO         2929    i.UART_DMAAbortOnError  stm32f1xx_hal_uart.o
    0x0800225c   0x0800225c   0x00000030   Code   RO         2939    i.UART_EndRxTransfer  stm32f1xx_hal_uart.o
    0x0800228c   0x0800228c   0x000000b6   Code   RO         2941    i.UART_Receive_IT   stm32f1xx_hal_uart.o
    0x08002342   0x08002342   0x00000002   PAD
    0x08002344   0x08002344   0x000000b8   Code   RO         2942    i.UART_SetConfig    stm32f1xx_hal_uart.o
    0x080023fc   0x080023fc   0x00000036   Code   RO         2944    i.UART_Start_Receive_IT  stm32f1xx_hal_uart.o
    0x08002432   0x08002432   0x00000064   Code   RO         2945    i.UART_WaitOnFlagUntilTimeout  stm32f1xx_hal_uart.o
    0x08002496   0x08002496   0x00000002   PAD
    0x08002498   0x08002498   0x0000000c   Code   RO          378    i.USART1_IRQHandler  stm32f1xx_it.o
    0x080024a4   0x080024a4   0x00000002   Code   RO          379    i.UsageFault_Handler  stm32f1xx_it.o
    0x080024a6   0x080024a6   0x00000002   PAD
    0x080024a8   0x080024a8   0x00000020   Code   RO         4436    i.__0printf$8       mc_w.l(printf8.o)
    0x080024c8   0x080024c8   0x00000020   Code   RO         1437    i.__NVIC_SetPriority  stm32f1xx_hal_cortex.o
    0x080024e8   0x080024e8   0x0000000e   Code   RO         4606    i.__scatterload_copy  mc_w.l(handlers.o)
    0x080024f6   0x080024f6   0x00000002   Code   RO         4607    i.__scatterload_null  mc_w.l(handlers.o)
    0x080024f8   0x080024f8   0x0000000e   Code   RO         4608    i.__scatterload_zeroinit  mc_w.l(handlers.o)
    0x08002506   0x08002506   0x00000002   PAD
    0x08002508   0x08002508   0x00000404   Code   RO         4443    i._printf_core      mc_w.l(printf8.o)
    0x0800290c   0x0800290c   0x00000024   Code   RO         4444    i._printf_post_padding  mc_w.l(printf8.o)
    0x08002930   0x08002930   0x0000002e   Code   RO         4445    i._printf_pre_padding  mc_w.l(printf8.o)
    0x0800295e   0x0800295e   0x00000002   PAD
    0x08002960   0x08002960   0x00000080   Code   RO         3362    i.accel_self_test   inv_mpu.o
    0x080029e0   0x080029e0   0x0000003a   Code   RO         3723    i.dmp_enable_6x_lp_quat  inv_mpu_dmp_motion_driver.o
    0x08002a1a   0x08002a1a   0x00000002   PAD
    0x08002a1c   0x08002a1c   0x000001d8   Code   RO         3724    i.dmp_enable_feature  inv_mpu_dmp_motion_driver.o
    0x08002bf4   0x08002bf4   0x0000003c   Code   RO         3725    i.dmp_enable_gyro_cal  inv_mpu_dmp_motion_driver.o
    0x08002c30   0x08002c30   0x0000003a   Code   RO         3726    i.dmp_enable_lp_quat  inv_mpu_dmp_motion_driver.o
    0x08002c6a   0x08002c6a   0x00000002   PAD
    0x08002c6c   0x08002c6c   0x00000014   Code   RO         3731    i.dmp_load_motion_driver_firmware  inv_mpu_dmp_motion_driver.o
    0x08002c80   0x08002c80   0x000000d8   Code   RO         3735    i.dmp_set_accel_bias  inv_mpu_dmp_motion_driver.o
    0x08002d58   0x08002d58   0x00000064   Code   RO         3736    i.dmp_set_fifo_rate  inv_mpu_dmp_motion_driver.o
    0x08002dbc   0x08002dbc   0x000000cc   Code   RO         3737    i.dmp_set_gyro_bias  inv_mpu_dmp_motion_driver.o
    0x08002e88   0x08002e88   0x0000010c   Code   RO         3739    i.dmp_set_orientation  inv_mpu_dmp_motion_driver.o
    0x08002f94   0x08002f94   0x00000030   Code   RO         3742    i.dmp_set_shake_reject_thresh  inv_mpu_dmp_motion_driver.o
    0x08002fc4   0x08002fc4   0x00000020   Code   RO         3743    i.dmp_set_shake_reject_time  inv_mpu_dmp_motion_driver.o
    0x08002fe4   0x08002fe4   0x00000020   Code   RO         3744    i.dmp_set_shake_reject_timeout  inv_mpu_dmp_motion_driver.o
    0x08003004   0x08003004   0x00000040   Code   RO         3745    i.dmp_set_tap_axes  inv_mpu_dmp_motion_driver.o
    0x08003044   0x08003044   0x00000022   Code   RO         3746    i.dmp_set_tap_count  inv_mpu_dmp_motion_driver.o
    0x08003066   0x08003066   0x00000002   PAD
    0x08003068   0x08003068   0x00000128   Code   RO         3747    i.dmp_set_tap_thresh  inv_mpu_dmp_motion_driver.o
    0x08003190   0x08003190   0x00000020   Code   RO         3748    i.dmp_set_tap_time  inv_mpu_dmp_motion_driver.o
    0x080031b0   0x080031b0   0x00000020   Code   RO         3749    i.dmp_set_tap_time_multi  inv_mpu_dmp_motion_driver.o
    0x080031d0   0x080031d0   0x00000018   Code   RO          324    i.fputc             usart.o
    0x080031e8   0x080031e8   0x000000ac   Code   RO         3363    i.get_accel_prod_shift  inv_mpu.o
    0x08003294   0x08003294   0x00000314   Code   RO         3364    i.get_st_biases     inv_mpu.o
    0x080035a8   0x080035a8   0x000000d4   Code   RO         3365    i.gyro_self_test    inv_mpu.o
    0x0800367c   0x0800367c   0x00000022   Code   RO         3366    i.inv_orientation_matrix_to_scalar  inv_mpu.o
    0x0800369e   0x0800369e   0x00000048   Code   RO         3367    i.inv_row_2_scale   inv_mpu.o
    0x080036e6   0x080036e6   0x00000002   PAD
    0x080036e8   0x080036e8   0x00000050   Code   RO           16    i.main              main.o
    0x08003738   0x08003738   0x00000020   Code   RO         4001    i.motorBack         motor.o
    0x08003758   0x08003758   0x00000020   Code   RO         4002    i.motorForward      motor.o
    0x08003778   0x08003778   0x00000024   Code   RO         4005    i.motorInit         motor.o
    0x0800379c   0x0800379c   0x00000020   Code   RO         4006    i.motorLeft         motor.o
    0x080037bc   0x080037bc   0x00000020   Code   RO         4007    i.motorRight        motor.o
    0x080037dc   0x080037dc   0x0000002c   Code   RO         4008    i.motorStart        motor.o
    0x08003808   0x08003808   0x0000002c   Code   RO         4009    i.motorStop         motor.o
    0x08003834   0x08003834   0x00000054   Code   RO         3369    i.mpu_configure_fifo  inv_mpu.o
    0x08003888   0x08003888   0x000000a4   Code   RO         3371    i.mpu_dmp_init      inv_mpu.o
    0x0800392c   0x0800392c   0x0000003c   Code   RO         3372    i.mpu_get_accel_fsr  inv_mpu.o
    0x08003968   0x08003968   0x00000044   Code   RO         3374    i.mpu_get_accel_sens  inv_mpu.o
    0x080039ac   0x080039ac   0x00000034   Code   RO         3380    i.mpu_get_gyro_fsr  inv_mpu.o
    0x080039e0   0x080039e0   0x00000040   Code   RO         3382    i.mpu_get_gyro_sens  inv_mpu.o
    0x08003a20   0x08003a20   0x00000038   Code   RO         3384    i.mpu_get_lpf       inv_mpu.o
    0x08003a58   0x08003a58   0x0000001c   Code   RO         3386    i.mpu_get_sample_rate  inv_mpu.o
    0x08003a74   0x08003a74   0x00000188   Code   RO         3388    i.mpu_init          inv_mpu.o
    0x08003bfc   0x08003bfc   0x000000a0   Code   RO         3389    i.mpu_load_firmware  inv_mpu.o
    0x08003c9c   0x08003c9c   0x000000b8   Code   RO         3390    i.mpu_lp_accel_mode  inv_mpu.o
    0x08003d54   0x08003d54   0x00000054   Code   RO         3394    i.mpu_read_mem      inv_mpu.o
    0x08003da8   0x08003da8   0x00000160   Code   RO         3397    i.mpu_reset_fifo    inv_mpu.o
    0x08003f08   0x08003f08   0x000000f0   Code   RO         3398    i.mpu_run_self_test  inv_mpu.o
    0x08003ff8   0x08003ff8   0x00000068   Code   RO         3400    i.mpu_set_accel_fsr  inv_mpu.o
    0x08004060   0x08004060   0x000000dc   Code   RO         3401    i.mpu_set_bypass    inv_mpu.o
    0x0800413c   0x0800413c   0x00000078   Code   RO         3403    i.mpu_set_dmp_state  inv_mpu.o
    0x080041b4   0x080041b4   0x0000006c   Code   RO         3404    i.mpu_set_gyro_fsr  inv_mpu.o
    0x08004220   0x08004220   0x00000064   Code   RO         3405    i.mpu_set_int_latched  inv_mpu.o
    0x08004284   0x08004284   0x0000006c   Code   RO         3407    i.mpu_set_lpf       inv_mpu.o
    0x080042f0   0x080042f0   0x00000080   Code   RO         3408    i.mpu_set_sample_rate  inv_mpu.o
    0x08004370   0x08004370   0x000000b8   Code   RO         3409    i.mpu_set_sensors   inv_mpu.o
    0x08004428   0x08004428   0x00000054   Code   RO         3410    i.mpu_write_mem     inv_mpu.o
    0x0800447c   0x0800447c   0x00000080   Code   RO         3411    i.run_self_test     inv_mpu.o
    0x080044fc   0x080044fc   0x00000084   Code   RO           17    i.serialRes         main.o
    0x08004580   0x08004580   0x00000058   Code   RO         3412    i.set_int_enable    inv_mpu.o
    0x080045d8   0x080045d8   0x000001b8   Code   RO         4168    i.stepCCV           uln2003.o
    0x08004790   0x08004790   0x0000000a   Code   RO         4127    i.unCatch           second.o
    0x0800479a   0x0800479a   0x00000010   Data   RO         3246    .constdata          system_stm32f1xx.o
    0x080047aa   0x080047aa   0x00000008   Data   RO         3247    .constdata          system_stm32f1xx.o
    0x080047b2   0x080047b2   0x0000001b   Data   RO         3414    .constdata          inv_mpu.o
    0x080047cd   0x080047cd   0x00000001   PAD
    0x080047ce   0x080047ce   0x0000000c   Data   RO         3415    .constdata          inv_mpu.o
    0x080047da   0x080047da   0x00000002   PAD
    0x080047dc   0x080047dc   0x00000028   Data   RO         3416    .constdata          inv_mpu.o
    0x08004804   0x08004804   0x00000bf6   Data   RO         3751    .constdata          inv_mpu_dmp_motion_driver.o
    0x080053fa   0x080053fa   0x00000002   PAD
    0x080053fc   0x080053fc   0x0000004d   Data   RO         3417    .conststring        inv_mpu.o
    0x08005449   0x08005449   0x00000003   PAD
    0x0800544c   0x0800544c   0x00000020   Data   RO         4604    Region$$Table       anon$$obj.o


    Execution Region RW_IRAM1 (Exec base: 0x20000000, Load base: 0x0800546c, Size: 0x00000590, Max: 0x00002800, ABSOLUTE)

    Exec Addr    Load Addr    Size         Type   Attr      Idx    E Section Name        Object

    0x20000000   0x0800546c   0x00000008   Data   RW           18    .data               main.o
    0x20000008   0x08005474   0x0000000c   Data   RW          974    .data               stm32f1xx_hal.o
    0x20000014   0x08005480   0x00000004   Data   RW         3248    .data               system_stm32f1xx.o
    0x20000018   0x08005484   0x00000035   Data   RW         3418    .data               inv_mpu.o
    0x2000004d   0x080054b9   0x00000003   PAD
    0x20000050   0x080054bc   0x00000004   Data   RW         4571    .data               mc_w.l(stdout.o)
    0x20000054        -       0x00000054   Zero   RW          228    .bss                i2c.o
    0x200000a8        -       0x00000090   Zero   RW          272    .bss                tim.o
    0x20000138        -       0x00000044   Zero   RW          325    .bss                usart.o
    0x2000017c        -       0x00000010   Zero   RW         3750    .bss                inv_mpu_dmp_motion_driver.o
    0x2000018c   0x080054c0   0x00000004   PAD
    0x20000190        -       0x00000400   Zero   RW            1    STACK               startup_stm32f103x6.o


==============================================================================

Image component sizes


      Code (inc. data)   RO Data    RW Data    ZI Data      Debug   Object Name

       212         20          0          0          0        911   gpio.o
       172         30          0          0         84       1513   i2c.o
       600         44          0          0          0       5267   iic.o
      4766        282        156         53          0      26900   inv_mpu.o
      2026        114       3062          0         16      17606   inv_mpu_dmp_motion_driver.o
       366         30          0          8          0     429545   main.o
       252         38          0          0          0       3065   motor.o
       540          0          0          0          0       5641   mpu6050.o
       134         14          0          0          0       1285   second.o
       128         18          0          0          0        593   sensor.o
        36          8        236          0       1024        768   startup_stm32f103x6.o
       164         28          0         12          0       5273   stm32f1xx_hal.o
       198         14          0          0          0      28727   stm32f1xx_hal_cortex.o
       222          4          0          0          0       1663   stm32f1xx_hal_dma.o
       492         36          0          0          0       3926   stm32f1xx_hal_gpio.o
       392         16          0          0          0       3027   stm32f1xx_hal_i2c.o
        60          8          0          0          0        798   stm32f1xx_hal_msp.o
      1272        100          0          0          0       4972   stm32f1xx_hal_rcc.o
       990         42          0          0          0       8133   stm32f1xx_hal_tim.o
        96         10          0          0          0       1252   stm32f1xx_hal_tim_ex.o
      1432         10          0          0          0      10020   stm32f1xx_hal_uart.o
        70          6          0          0          0       4397   stm32f1xx_it.o
         2          0         24          4          0       1011   system_stm32f1xx.o
       588         42          0          0        144       2960   tim.o
       440          6          0          0          0       1379   uln2003.o
       208         24          0          0         68       1982   usart.o

    ----------------------------------------------------------------------
     15886        944       3518         80       1340     572614   Object Totals
         0          0         32          0          0          0   (incl. Generated)
        28          0          8          3          4          0   (incl. Padding)

    ----------------------------------------------------------------------

      Code (inc. data)   RO Data    RW Data    ZI Data      Debug   Library Member Name

         0          0          0          0          0          0   entry.o
         0          0          0          0          0          0   entry10a.o
         0          0          0          0          0          0   entry11a.o
         4          0          0          0          0          0   entry12b.o
         8          4          0          0          0          0   entry2.o
         4          0          0          0          0          0   entry5.o
         0          0          0          0          0          0   entry7b.o
         0          0          0          0          0          0   entry8b.o
         8          4          0          0          0          0   entry9a.o
        30          0          0          0          0          0   handlers.o
        36          8          0          0          0         68   init.o
         0          0          0          0          0          0   iusefp.o
        98          0          0          0          0         84   ldiv.o
        30          0          0          0          0         68   llshl.o
        32          0          0          0          0         68   llushr.o
        26          0          0          0          0         80   memcmp.o
        36          0          0          0          0        108   memseta.o
      1142         54          0          0          0        352   printf8.o
         0          0          0          4          0          0   stdout.o
        98          0          0          0          0         92   uldiv.o
       176          0          0          0          0        140   fadd.o
       124          0          0          0          0         88   fdiv.o
       110          0          0          0          0        168   fepilogue.o
        50          0          0          0          0         68   ffixi.o
        40          0          0          0          0         68   ffixui.o
        18          0          0          0          0         68   fflti.o
        10          0          0          0          0         68   ffltui.o
       100          0          0          0          0         76   fmul.o
        24          0          0          0          0         68   fscalb.o

    ----------------------------------------------------------------------
      2208         70          0          4          0       1732   Library Totals
         4          0          0          0          0          0   (incl. Padding)

    ----------------------------------------------------------------------

      Code (inc. data)   RO Data    RW Data    ZI Data      Debug   Library Name

      1552         70          0          4          0        920   mc_w.l
       652          0          0          0          0        812   mf_w.l

    ----------------------------------------------------------------------
      2208         70          0          4          0       1732   Library Totals

    ----------------------------------------------------------------------

==============================================================================


      Code (inc. data)   RO Data    RW Data    ZI Data      Debug   

     18094       1014       3518         84       1340     565866   Grand Totals
     18094       1014       3518         84       1340     565866   ELF Image Totals
     18094       1014       3518         84          0          0   ROM Totals

==============================================================================

    Total RO  Size (Code + RO Data)                21612 (  21.11kB)
    Total RW  Size (RW Data + ZI Data)              1424 (   1.39kB)
    Total ROM Size (Code + RO Data + RW Data)      21696 (  21.19kB)

==============================================================================

